START 15_split_tree_report.ipynb at 8e6a32e0ac4f66d71b7d885e770e0b4ef97ee207
No event loop hook running.
CELL 2 started
Code commit: 8e6a32e
Platform: {'machine': 'x86_64', 'processor': 'x86_64', 'system': 'Linux', 'python': '3.12.14', 'cpu_count': 9, 'n_jobs': 4}
18,211 Sybils; 311 reports, 144 GitHub issues (35.2% of Sybils), 145 reporters
Ten largest reports: 35.6% of Sybils; largest reporter: 8.5%
GitHub issues linked to more than one report: 0
CELL 2 completed in 32.0s
CELL 4 started
Test Sybils sharing a key with a training Sybil (of 5463 test Sybils):
 split  seed  test_sybils  tree  report  github_issue  reporter  report_keys_shared  report_keys_in_test
random    42         5463   599    5434          1935      5461                 220                  242
  tree    42         5463     0    5406          1798      5445                 212                  239
  tree     1         5463     0    5354          1801      5417                 217                  251
  tree     2         5463     0    5423          1860      5456                 216                  243
  tree     3         5463     0    5389          1830      5457                 219                  243
  tree     4         5463     0    5411          1826      5442                 207                  237
  tree     5         5463     0    5410          1816      5445                 205                  237
  tree     6         5463     0    5420          1847      5457                 216                  243
  tree     7         5463     0    5408          1840      5457                 211                  250
  tree     8         5463     0    5379          1831      5413                 215                  243
  tree     9         5463     0    5425          1795      5456                 218                  249

Tree split, 10 seeds: {'tree_mean': 0.0, 'tree_std': 0.0, 'report_mean': 5402.5, 'report_std': 22.3, 'github_issue_mean': 1824.4, 'github_issue_std': 21.8, 'reporter_mean': 5444.5, 'reporter_std': 16.6, 'report_keys_shared_mean': 213.6, 'report_keys_shared_std': 4.7}
CELL 4 completed in 24.9s
CELL 6 started
=== tree + report + GitHub issue: 355,619 components (22,649 with more than one row)
Largest by rows:
        rows  sybils  trees  reports  sybil_share
group                                            
4      13346    8260   6651       57       0.4536
1175     998       0      1        0       0.0000
757      954     954    954        1       0.0524
227      843     843    843        1       0.0463
214      733       2      2        1       0.0001
Largest by Sybils:
        rows  sybils  trees  reports  sybil_share
group                                            
4      13346    8260   6651       57       0.4536
757      954     954    954        1       0.0524
227      843     843    843        1       0.0463
716      529     529    529        1       0.0290
528      500     500    500        1       0.0275
     Split  Total  Sybil  NonSybil  SybilPct  SizePct
     Train 213046   8924    204122      4.19     49.0
Validation  91305   3824     87481      4.19     21.0
      Test 130435   5463    124972      4.19     30.0
  PASS  Train Sybil rate within 0.3 pp of 4.19%
  PASS  Train size within 1 pt of 49%
  PASS  Validation Sybil rate within 0.3 pp of 4.19%
  PASS  Validation size within 1 pt of 21%
  PASS  Test Sybil rate within 0.3 pp of 4.19%
  PASS  Test size within 1 pt of 30%
  WARN  max component Sybil share <= 5%
  Test Sybils sharing an original tree with a train Sybil: 0; sharing a report: 0; a GitHub issue: 0

CELL 6 completed in 3.6s
CELL 8 started
=== tree + report + GitHub issue + reporter: 355,461 components (22,530 with more than one row)
Largest by rows:
        rows  sybils  trees  reports  sybil_share
group                                            
4      16840   10071   8394      153       0.5530
225     1552    1549   1549        9       0.0851
525     1029    1029   1029        2       0.0565
1167     998       0      1        0       0.0000
750      983     983    983        2       0.0540
Largest by Sybils:
        rows  sybils  trees  reports  sybil_share
group                                            
4      16840   10071   8394      153       0.5530
225     1552    1549   1549        9       0.0851
525     1029    1029   1029        2       0.0565
750      983     983    983        2       0.0540
1203     516     516    516        7       0.0283
     Split  Total  Sybil  NonSybil  SybilPct  SizePct
     Train 214192  10071    204121      4.70    49.26
Validation  90829   3348     87481      3.69    20.89
      Test 129765   4792    124973      3.69    29.85
  FAIL  Train Sybil rate within 0.3 pp of 4.19%
  PASS  Train size within 1 pt of 49%
  FAIL  Validation Sybil rate within 0.3 pp of 4.19%
  PASS  Validation size within 1 pt of 21%
  FAIL  Test Sybil rate within 0.3 pp of 4.19%
  PASS  Test size within 1 pt of 30%
  WARN  max component Sybil share <= 5%
  Test Sybils sharing an original tree with a train Sybil: 0; sharing a report: 0; a GitHub issue: 0

CELL 8 completed in 3.4s
CELL 10 started
Status: ok_with_warning
Warnings: ['max component Sybil share <= 5%'] - Parts C and D run; the composition below shows what the large components change.
CELL 10 completed in 0.0s
CELL 12 started
BIG: 2 components, 14,300 rows, 9,214 Sybils (50.6% of Sybils)
split  partition   rows  sybils  sybils_in_BIG  reports  sybils_IxL  sybils_IxI  sybils_IxE  sybils_No provider
 tree      Train 213046    8924           4478      271        7811         783         320                  10
 tree Validation  91305    3824           1968      229        3340         357         120                   7
 tree       Test 130435    5463           2768      239        4770         426         258                   9
union      Train 213046    8924           8260      146        6962        1464         474                  24
union Validation  91305    3824            954       66        3670          35         118                   1
union       Test 130435    5463              0       99        5289          67         106                   1
 seed  BIG_rows_in_train  BIG_rows_in_val  BIG_rows_in_test
   42              13346              954                 0
    1              13346              954                 0
    2              13346              954                 0
    3              13346              954                 0
    4              13346              954                 0
    5              13346              954                 0
    6              13346              954                 0
    7              13346              954                 0
    8              13346              954                 0
    9              13346              954                 0
CELL 12 completed in 9.6s
CELL 14 started
Split method: group
Row overlap (train/val, train/test, val/test): 0, 0, 0
Test addresses sharing a gas provision tree with a train address: 0 / 130,435
Test Sybils sharing a gas provision tree with a train Sybil:     0 / 5,463
  XGBoost seed=42  rounds=575  25.3s
  XGBoost seed=123  rounds=553  24.2s
  XGBoost seed=456  rounds=554  24.5s
  LightGBM seed=42  rounds=370  19.3s
  LightGBM seed=123  rounds=328  17.7s
  LightGBM seed=456  rounds=375  19.0s
  Threshold : 0.5428
  Precision : 0.3622
  Recall    : 0.2105
  F1        : 0.2663
  AUROC     : 0.8183
  Avg Prec  : 0.2202
  Brier     : 0.0428
   category     n  sybil  precision  recall     f1  auroc    fpr
        IxE 27929    106     0.1042  0.0472 0.0649 0.7692 0.0015
        IxI  9771     67     0.0526  0.0448 0.0484 0.8079 0.0056
        IxL 92529   5289     0.3721  0.2159 0.2733 0.7925 0.0221
No provider   206      1     0.0000  0.0000 0.0000 0.9122 0.0049
  vs committed 03_xgboost_sybil (other machine): ΔF1 -0.4538, ΔAP -0.5443

  Threshold : 0.5494
  Precision : 0.3947
  Recall    : 0.2209
  F1        : 0.2833
  AUROC     : 0.8110
  Avg Prec  : 0.2254
  Brier     : 0.0418
   category     n  sybil  precision  recall     f1  auroc    fpr
        IxE 27929    106     0.1111  0.0472 0.0662 0.8541 0.0014
        IxI  9771     67     0.0476  0.0448 0.0462 0.8364 0.0062
        IxL 92529   5289     0.4066  0.2267 0.2911 0.7833 0.0201
No provider   206      1     0.0000  0.0000 0.0000 0.9024 0.0049
  vs committed 04_lightgbm_sybil (other machine): ΔF1 -0.4355, ΔAP -0.5442

Saved output/pred_15_split_tree_report_val.parquet (91,305 rows)
Saved output/pred_15_split_tree_report_test.parquet (130,435 rows)
CELL 14 completed in 131.8s
CELL 16 started
CACHE SAVE 15_split_tree_report befa498a228c (62 features)
split 42: union test F1 0.2696, tree 0.7105  (90s)
split 1: union test F1 0.2429, tree 0.6990  (70s)
split 2: union test F1 0.2450, tree 0.7156  (73s)
split 3: union test F1 0.2310, tree 0.7156  (70s)
split 4: union test F1 0.2475, tree 0.7169  (68s)
