START 17_models_10_splits.ipynb at a578dd33d81257ce6f439b28f6cb3f33a3093eb9
No event loop hook running.
CELL 2 started
Code commit: a578dd3
Platform: {'machine': 'x86_64', 'processor': 'x86_64', 'system': 'Linux', 'python': '3.12.14', 'cpu_count': 9, 'n_jobs': 4}
                notebook  commit  dependencies_unchanged
02_hyperparameter_search 60838d8                    True
    08_ablation_families 1c6f5ff                    True
  13_random_forest_sybil 3d1774c                    True
XGBoost: {'learning_rate': 0.05, 'max_depth': 8, 'subsample': 0.7, 'colsample_bytree': 1.0, 'min_child_weight': 1}
LightGBM: {'num_leaves': 127, 'learning_rate': 0.05, 'subsample': 0.7, 'reg_lambda': 1.0}
Random Forest (from 13): {'max_features': 0.3, 'min_samples_leaf': 1, 'max_depth': None, 'max_samples': None, 'n_estimators': 300, 'criterion': 'gini', 'bootstrap': True, 'n_jobs': 4}
build_master_df: 27.7s
CELL 2 completed in 27.8s
CELL 4 started
split 42: Logistic regression 0.2412, XGBoost 0.7166, LightGBM 0.7105, Random Forest 0.7106, Ensemble 0.7203; w=0.60 (359s)
split 1: Logistic regression 0.2308, XGBoost 0.6946, LightGBM 0.6990, Random Forest 0.6961, Ensemble 0.6975; w=0.10 (377s)
split 2: Logistic regression 0.2382, XGBoost 0.7001, LightGBM 0.7156, Random Forest 0.6992, Ensemble 0.7117; w=0.20 (351s)
split 3: Logistic regression 0.2357, XGBoost 0.7103, LightGBM 0.7156, Random Forest 0.6970, Ensemble 0.7159; w=0.52 (327s)
split 4: Logistic regression 0.2325, XGBoost 0.7137, LightGBM 0.7169, Random Forest 0.7048, Ensemble 0.7170; w=0.14 (339s)
split 5: Logistic regression 0.2365, XGBoost 0.7068, LightGBM 0.7167, Random Forest 0.6993, Ensemble 0.7175; w=0.24 (358s)
split 6: Logistic regression 0.2305, XGBoost 0.6988, LightGBM 0.7105, Random Forest 0.6954, Ensemble 0.6991; w=0.76 (337s)
split 7: Logistic regression 0.2313, XGBoost 0.7162, LightGBM 0.7194, Random Forest 0.7100, Ensemble 0.7210; w=0.60 (336s)
split 8: Logistic regression 0.2313, XGBoost 0.7068, LightGBM 0.7175, Random Forest 0.7046, Ensemble 0.7162; w=0.20 (356s)
split 9: Logistic regression 0.2282, XGBoost 0.7021, LightGBM 0.7093, Random Forest 0.7052, Ensemble 0.7112; w=0.02 (313s)
CELL 4 completed in 3454.8s
CELL 6 started
LightGBM here vs 08 (test F1): max |difference| 0.0000 over 10 splits; identical: True
CELL 6 completed in 0.0s
CELL 8 started
n_test / n_train (unique rows, mean over splits) = 0.6122
metric               model  against  mean_diff  sd_diff  higher_n  t_corrected  p_corrected  t_paired_uncorrected  p_paired_uncorrected  p_wilcoxon_uncorrected  p_corrected_holm  p_paired_uncorrected_holm  p_wilcoxon_uncorrected_holm
    f1 Logistic regression LightGBM    -0.4795   0.0065         0     -87.1753       0.0000             -232.6520                0.0000                  0.0020            0.0000                     0.0000                       0.0098
    f1             XGBoost LightGBM    -0.0065   0.0060         1      -1.2919       0.2286               -3.4477                0.0073                  0.0195            0.4572                     0.0146                       0.0391
    f1       Random Forest LightGBM    -0.0109   0.0065         1      -1.9733       0.0799               -5.2663                0.0005                  0.0039            0.3197                     0.0021                       0.0117
    f1            Ensemble LightGBM    -0.0003   0.0053         6      -0.0765       0.9407               -0.2041                0.8428                  1.0000            0.9407                     0.8428                       1.0000
    f1             XGBoost Ensemble    -0.0062   0.0038         0      -1.9225       0.0867               -5.1306                0.0006                  0.0020            0.3197                     0.0021                       0.0098
    ap Logistic regression LightGBM    -0.6002   0.0105         0     -67.6181       0.0000             -180.4582                0.0000                  0.0020            0.0000                     0.0000                       0.0098
    ap             XGBoost LightGBM    -0.0078   0.0035         0      -2.6202       0.0278               -6.9928                0.0001                  0.0020            0.0834                     0.0002                       0.0098
    ap       Random Forest LightGBM    -0.0071   0.0034         1      -2.5263       0.0324               -6.7423                0.0001                  0.0039            0.0834                     0.0002                       0.0098
    ap            Ensemble LightGBM     0.0003   0.0020         8       0.1809       0.8604                0.4829                0.6407                  0.1602            0.8604                     0.6407                       0.1602
    ap             XGBoost Ensemble    -0.0081   0.0028         0      -3.4673       0.0071               -9.2535                0.0000                  0.0020            0.0283                     0.0000                       0.0098
 auroc Logistic regression LightGBM    -0.1359   0.0031         0     -51.7493       0.0000             -138.1077                0.0000                  0.0020            0.0000                     0.0000                       0.0098
 auroc             XGBoost LightGBM    -0.0041   0.0014         0      -3.4270       0.0075               -9.1459                0.0000                  0.0020            0.0302                     0.0000                       0.0098
 auroc       Random Forest LightGBM     0.0004   0.0014         6       0.2991       0.7716                0.7983                0.4453                  0.4316            1.0000                     0.4453                       0.5508
 auroc            Ensemble LightGBM    -0.0002   0.0005         4      -0.5411       0.6016               -1.4440                0.1826                  0.2754            1.0000                     0.3653                       0.5508
 auroc             XGBoost Ensemble    -0.0039   0.0014         0      -3.2770       0.0096               -8.7456                0.0000                  0.0020            0.0302                     0.0000                       0.0098
CELL 8 completed in 0.1s
CELL 10 started
              model              F1     p F1              AP     p AP           AUROC  p AUROC
Logistic regression 0.2336 ± 0.0041 8.71e-14 0.1605 ± 0.0088 8.55e-13 0.8323 ± 0.0030 9.43e-12
            XGBoost 0.7066 ± 0.0076    0.457 0.7529 ± 0.0085   0.0834 0.9641 ± 0.0020   0.0302
           LightGBM 0.7131 ± 0.0060        — 0.7607 ± 0.0060        — 0.9682 ± 0.0018        —
      Random Forest 0.7022 ± 0.0056     0.32 0.7535 ± 0.0073   0.0834 0.9685 ± 0.0015        1
           Ensemble 0.7128 ± 0.0082    0.941 0.7610 ± 0.0070     0.86 0.9680 ± 0.0018        1

Blend weight per split: [0.6, 0.1, 0.2, 0.52, 0.14, 0.24, 0.76, 0.6, 0.2, 0.02]
XGBoost rounds: [1679, 1792, 1661, 1653, 1453, 1755, 1701, 1726, 1765, 1565]
LightGBM rounds: [1277, 1290, 1320, 1318, 1201, 1291, 1118, 1322, 1338, 1204]
                             precision          recall              f1           auroc        
                                  mean     std    mean     std    mean     std    mean     std
model               category                                                                  
Ensemble            IxE         0.7165  0.0893  0.1409  0.0356  0.2346  0.0535  0.9084  0.0175
                    IxI         0.9242  0.0385  0.3132  0.0894  0.4607  0.1074  0.9257  0.0096
                    IxL         0.7196  0.0226  0.7649  0.0262  0.7409  0.0047  0.9753  0.0013
LightGBM            IxE         0.6890  0.1055  0.1479  0.0446  0.2420  0.0654  0.9099  0.0157
                    IxI         0.8858  0.1057  0.3482  0.0779  0.4915  0.0872  0.9254  0.0103
                    IxL         0.7113  0.0202  0.7712  0.0227  0.7395  0.0041  0.9752  0.0012
Logistic regression IxE         0.1223  0.0550  0.2265  0.0900  0.1573  0.0666  0.8065  0.0348
                    IxI         0.1876  0.0198  0.5513  0.0770  0.2789  0.0266  0.8439  0.0201
                    IxL         0.1443  0.0027  0.6008  0.0438  0.2324  0.0031  0.8018  0.0018
Random Forest       IxE         0.7117  0.0917  0.1348  0.0411  0.2250  0.0604  0.9092  0.0166
                    IxI         0.8635  0.1209  0.1245  0.0202  0.2163  0.0307  0.9220  0.0141
                    IxL         0.7206  0.0176  0.7633  0.0234  0.7409  0.0053  0.9737  0.0015
XGBoost             IxE         0.7085  0.0936  0.1400  0.0395  0.2324  0.0577  0.8851  0.0159
                    IxI         0.9016  0.0528  0.2545  0.0906  0.3886  0.1125  0.9139  0.0141
                    IxL         0.7134  0.0131  0.7642  0.0187  0.7377  0.0043  0.9737  0.0012
CELL 10 completed in 0.0s
CELL 12 started
Logistic regression: train 22.0s (3 seeds 66.5s), score 5,222,039 rows/s, peak +888 MiB, pickle 0.0 MiB
XGBoost: train 59.3s (3 seeds 181.4s), score 122,340 rows/s, peak +0 MiB, pickle 14.2 MiB
LightGBM: train 38.9s (3 seeds 113.1s), score 25,017 rows/s, peak +0 MiB, pickle 16.5 MiB
