START 22_report_dependence.ipynb at 1f362bb82e322ac1c031199b2b58d33d1baf0253
No event loop hook running.
CELL 2 started
Code commit: 1f362bb
Platform: {'machine': 'x86_64', 'processor': 'x86_64', 'system': 'Linux', 'python': '3.12.14', 'cpu_count': 9, 'n_jobs': 4}
            notebook  commit  dependencies_unchanged
15_split_tree_report 8e6a32e                    True
CELL 2 completed in 28.9s
CELL 4 started
CELL 4 completed in 0.0s
CELL 5 started
355,619 components; largest 13,346 rows, 8,260 Sybils; large: 2 components, 14,300 rows, 9,214 Sybils
CELL 5 completed in 1.1s
CELL 7 started
repeat 0 fold 0: k_a 42,050 rows / 901 Sybils, mate coverage 0.98; LightGBM F1 held 0.4618 seen 0.6255, AUROC 0.9195 / 0.9762 (243s)
repeat 0 fold 1: k_a 42,048 rows / 899 Sybils, mate coverage 0.98; LightGBM F1 held 0.4044 seen 0.5980, AUROC 0.9150 / 0.9753 (259s)
repeat 0 fold 2: k_a 42,048 rows / 899 Sybils, mate coverage 0.99; LightGBM F1 held 0.3277 seen 0.5804, AUROC 0.8909 / 0.9592 (189s)
repeat 0 fold 3: k_a 42,049 rows / 900 Sybils, mate coverage 0.99; LightGBM F1 held 0.2209 seen 0.5975, AUROC 0.8050 / 0.9601 (259s)
repeat 0 fold 4: k_a 42,049 rows / 900 Sybils, mate coverage 0.99; LightGBM F1 held 0.4508 seen 0.6277, AUROC 0.9208 / 0.9735 (285s)
repeat 1 fold 0: k_a 42,049 rows / 901 Sybils, mate coverage 0.99; LightGBM F1 held 0.4185 seen 0.6329, AUROC 0.9224 / 0.9738 (239s)
repeat 1 fold 1: k_a 42,048 rows / 899 Sybils, mate coverage 0.98; LightGBM F1 held 0.3918 seen 0.5693, AUROC 0.9126 / 0.9690 (237s)
repeat 1 fold 2: k_a 42,049 rows / 900 Sybils, mate coverage 0.99; LightGBM F1 held 0.3472 seen 0.5835, AUROC 0.8856 / 0.9660 (208s)
repeat 1 fold 3: k_a 42,048 rows / 899 Sybils, mate coverage 0.98; LightGBM F1 held 0.2471 seen 0.6035, AUROC 0.8033 / 0.9632 (282s)
repeat 1 fold 4: k_a 42,048 rows / 899 Sybils, mate coverage 0.99; LightGBM F1 held 0.4289 seen 0.6158, AUROC 0.9261 / 0.9737 (263s)
repeat 2 fold 0: k_a 42,050 rows / 901 Sybils, mate coverage 0.99; LightGBM F1 held 0.4613 seen 0.6146, AUROC 0.9217 / 0.9750 (248s)
repeat 2 fold 1: k_a 42,048 rows / 899 Sybils, mate coverage 0.99; LightGBM F1 held 0.4006 seen 0.5935, AUROC 0.9256 / 0.9770 (228s)
