START 02_hyperparameter_search.ipynb at 60838d89cfce084b89a4e031ad1403befd35c6cc
No event loop hook running.
CELL 1 started
[1] L0 features: 434,786 addresses, 55 cols
[2] Gas provision: 604,365 edges before 2024-05-02 00:00:00 UTC (296 later edges dropped)
[3] Labeled addresses in provision network: 4,308
[4] Provider and tree features: 88 cols
[5] CEX/DEX merged: 90 cols
[6] Labels: Sybil=18,211 (4.19%)
[7] Chain features, taxonomy, gas provision trees (371,764 trees)
All 62 features present ✓  (28.1s)
     Split  Total  Sybil  NonSybil  SybilPct
     Train 213046   8924    204122      4.19
Validation  91305   3824     87481      4.19
CELL 1 completed in 30.3s
CELL 2 started
CELL 2 completed in 0.0s
CELL 4 started
[26/72] {'learning_rate': 0.1, 'max_depth': 6, 'subsample': 1.0, 'colsample_bytree': 0.8, 'min_child_weight': 1}  val_F1=0.6925  AP=0.7457  rounds=2233  54.9s
[27/72] {'learning_rate': 0.1, 'max_depth': 6, 'subsample': 0.7, 'colsample_bytree': 1.0, 'min_child_weight': 1}  val_F1=0.6968  AP=0.7483  rounds=1863  60.5s
[28/72] {'learning_rate': 0.1, 'max_depth': 6, 'subsample': 0.7, 'colsample_bytree': 0.8, 'min_child_weight': 1}  val_F1=0.6959  AP=0.7462  rounds=1653  49.5s
[29/72] {'learning_rate': 0.1, 'max_depth': 6, 'subsample': 0.5, 'colsample_bytree': 1.0, 'min_child_weight': 1}  val_F1=0.6901  AP=0.7423  rounds=1731  51.9s
[30/72] {'learning_rate': 0.1, 'max_depth': 6, 'subsample': 0.5, 'colsample_bytree': 0.8, 'min_child_weight': 1}  val_F1=0.6940  AP=0.7419  rounds=1865  56.2s
[31/72] {'learning_rate': 0.1, 'max_depth': 8, 'subsample': 1.0, 'colsample_bytree': 1.0, 'min_child_weight': 1}  val_F1=0.6943  AP=0.7455  rounds=971  31.0s
[32/72] {'learning_rate': 0.1, 'max_depth': 8, 'subsample': 1.0, 'colsample_bytree': 0.8, 'min_child_weight': 1}  val_F1=0.6947  AP=0.7467  rounds=1050  34.2s
[33/72] {'learning_rate': 0.1, 'max_depth': 8, 'subsample': 0.7, 'colsample_bytree': 1.0, 'min_child_weight': 1}  val_F1=0.7010  AP=0.7514  rounds=855  33.2s
[34/72] {'learning_rate': 0.1, 'max_depth': 8, 'subsample': 0.7, 'colsample_bytree': 0.8, 'min_child_weight': 1}  val_F1=0.6980  AP=0.7468  rounds=833  30.7s
[35/72] {'learning_rate': 0.1, 'max_depth': 8, 'subsample': 0.5, 'colsample_bytree': 1.0, 'min_child_weight': 1}  val_F1=0.6969  AP=0.7480  rounds=827  32.8s
[36/72] {'learning_rate': 0.1, 'max_depth': 8, 'subsample': 0.5, 'colsample_bytree': 0.8, 'min_child_weight': 1}  val_F1=0.6988  AP=0.7449  rounds=900  33.3s
[37/72] {'learning_rate': 0.1, 'max_depth': 10, 'subsample': 1.0, 'colsample_bytree': 1.0, 'min_child_weight': 1}  val_F1=0.6919  AP=0.7425  rounds=498  22.1s
[38/72] {'learning_rate': 0.1, 'max_depth': 10, 'subsample': 1.0, 'colsample_bytree': 0.8, 'min_child_weight': 1}  val_F1=0.6954  AP=0.7461  rounds=540  24.9s
[39/72] {'learning_rate': 0.1, 'max_depth': 10, 'subsample': 0.7, 'colsample_bytree': 1.0, 'min_child_weight': 1}  val_F1=0.6972  AP=0.7506  rounds=450  22.8s
[40/72] {'learning_rate': 0.1, 'max_depth': 10, 'subsample': 0.7, 'colsample_bytree': 0.8, 'min_child_weight': 1}  val_F1=0.7012  AP=0.7531  rounds=481  23.9s
[41/72] {'learning_rate': 0.1, 'max_depth': 10, 'subsample': 0.5, 'colsample_bytree': 1.0, 'min_child_weight': 1}  val_F1=0.6983  AP=0.7477  rounds=413  22.4s
[42/72] {'learning_rate': 0.1, 'max_depth': 10, 'subsample': 0.5, 'colsample_bytree': 0.8, 'min_child_weight': 1}  val_F1=0.6981  AP=0.7537  rounds=454  21.1s
[43/72] {'learning_rate': 0.1, 'max_depth': 12, 'subsample': 1.0, 'colsample_bytree': 1.0, 'min_child_weight': 1}  val_F1=0.6980  AP=0.7458  rounds=334  19.8s
[44/72] {'learning_rate': 0.1, 'max_depth': 12, 'subsample': 1.0, 'colsample_bytree': 0.8, 'min_child_weight': 1}  val_F1=0.6935  AP=0.7441  rounds=286  16.9s
[45/72] {'learning_rate': 0.1, 'max_depth': 12, 'subsample': 0.7, 'colsample_bytree': 1.0, 'min_child_weight': 1}  val_F1=0.6964  AP=0.7482  rounds=267  20.2s
[46/72] {'learning_rate': 0.1, 'max_depth': 12, 'subsample': 0.7, 'colsample_bytree': 0.8, 'min_child_weight': 1}  val_F1=0.7012  AP=0.7525  rounds=297  20.6s
[47/72] {'learning_rate': 0.1, 'max_depth': 12, 'subsample': 0.5, 'colsample_bytree': 1.0, 'min_child_weight': 1}  val_F1=0.6995  AP=0.7488  rounds=256  18.6s
[48/72] {'learning_rate': 0.1, 'max_depth': 12, 'subsample': 0.5, 'colsample_bytree': 0.8, 'min_child_weight': 1}  val_F1=0.6981  AP=0.7511  rounds=266  17.4s
[49/72] {'learning_rate': 0.05, 'max_depth': 6, 'subsample': 1.0, 'colsample_bytree': 1.0, 'min_child_weight': 1}  val_F1=0.6886  AP=0.7430  rounds=4521  121.5s
[50/72] {'learning_rate': 0.05, 'max_depth': 6, 'subsample': 1.0, 'colsample_bytree': 0.8, 'min_child_weight': 1}  val_F1=0.6923  AP=0.7444  rounds=4319  105.4s
[51/72] {'learning_rate': 0.05, 'max_depth': 6, 'subsample': 0.7, 'colsample_bytree': 1.0, 'min_child_weight': 1}  val_F1=0.6970  AP=0.7506  rounds=3695  105.4s
[52/72] {'learning_rate': 0.05, 'max_depth': 6, 'subsample': 0.7, 'colsample_bytree': 0.8, 'min_child_weight': 1}  val_F1=0.6949  AP=0.7495  rounds=3709  106.9s
[53/72] {'learning_rate': 0.05, 'max_depth': 6, 'subsample': 0.5, 'colsample_bytree': 1.0, 'min_child_weight': 1}  val_F1=0.6957  AP=0.7480  rounds=3604  112.5s
[54/72] {'learning_rate': 0.05, 'max_depth': 6, 'subsample': 0.5, 'colsample_bytree': 0.8, 'min_child_weight': 1}  val_F1=0.6967  AP=0.7486  rounds=3467  102.1s
[55/72] {'learning_rate': 0.05, 'max_depth': 8, 'subsample': 1.0, 'colsample_bytree': 1.0, 'min_child_weight': 1}  val_F1=0.6915  AP=0.7403  rounds=1975  63.5s
[56/72] {'learning_rate': 0.05, 'max_depth': 8, 'subsample': 1.0, 'colsample_bytree': 0.8, 'min_child_weight': 1}  val_F1=0.6945  AP=0.7456  rounds=2227  72.8s
[57/72] {'learning_rate': 0.05, 'max_depth': 8, 'subsample': 0.7, 'colsample_bytree': 1.0, 'min_child_weight': 1}  val_F1=0.7032  AP=0.7552  rounds=1679  64.6s
[58/72] {'learning_rate': 0.05, 'max_depth': 8, 'subsample': 0.7, 'colsample_bytree': 0.8, 'min_child_weight': 1}  val_F1=0.7009  AP=0.7543  rounds=1768  65.1s
[59/72] {'learning_rate': 0.05, 'max_depth': 8, 'subsample': 0.5, 'colsample_bytree': 1.0, 'min_child_weight': 1}  val_F1=0.6998  AP=0.7530  rounds=1601  67.4s
[60/72] {'learning_rate': 0.05, 'max_depth': 8, 'subsample': 0.5, 'colsample_bytree': 0.8, 'min_child_weight': 1}  val_F1=0.6979  AP=0.7512  rounds=1661  65.0s
[61/72] {'learning_rate': 0.05, 'max_depth': 10, 'subsample': 1.0, 'colsample_bytree': 1.0, 'min_child_weight': 1}  val_F1=0.6924  AP=0.7452  rounds=1071  46.4s
[62/72] {'learning_rate': 0.05, 'max_depth': 10, 'subsample': 1.0, 'colsample_bytree': 0.8, 'min_child_weight': 1}  val_F1=0.6941  AP=0.7486  rounds=1170  49.5s
[63/72] {'learning_rate': 0.05, 'max_depth': 10, 'subsample': 0.7, 'colsample_bytree': 1.0, 'min_child_weight': 1}  val_F1=0.7006  AP=0.7537  rounds=932  45.0s
[64/72] {'learning_rate': 0.05, 'max_depth': 10, 'subsample': 0.7, 'colsample_bytree': 0.8, 'min_child_weight': 1}  val_F1=0.6977  AP=0.7536  rounds=877  43.2s
[65/72] {'learning_rate': 0.05, 'max_depth': 10, 'subsample': 0.5, 'colsample_bytree': 1.0, 'min_child_weight': 1}  val_F1=0.7025  AP=0.7527  rounds=906  47.0s
[66/72] {'learning_rate': 0.05, 'max_depth': 10, 'subsample': 0.5, 'colsample_bytree': 0.8, 'min_child_weight': 1}  val_F1=0.6987  AP=0.7539  rounds=861  43.2s
[67/72] {'learning_rate': 0.05, 'max_depth': 12, 'subsample': 1.0, 'colsample_bytree': 1.0, 'min_child_weight': 1}  val_F1=0.6942  AP=0.7498  rounds=631  40.1s
[68/72] {'learning_rate': 0.05, 'max_depth': 12, 'subsample': 1.0, 'colsample_bytree': 0.8, 'min_child_weight': 1}  val_F1=0.6940  AP=0.7492  rounds=693  40.2s
[69/72] {'learning_rate': 0.05, 'max_depth': 12, 'subsample': 0.7, 'colsample_bytree': 1.0, 'min_child_weight': 1}  val_F1=0.6993  AP=0.7528  rounds=533  38.4s
[70/72] {'learning_rate': 0.05, 'max_depth': 12, 'subsample': 0.7, 'colsample_bytree': 0.8, 'min_child_weight': 1}  val_F1=0.6977  AP=0.7563  rounds=568  37.8s
[71/72] {'learning_rate': 0.05, 'max_depth': 12, 'subsample': 0.5, 'colsample_bytree': 1.0, 'min_child_weight': 1}  val_F1=0.6990  AP=0.7537  rounds=526  36.1s
[72/72] {'learning_rate': 0.05, 'max_depth': 12, 'subsample': 0.5, 'colsample_bytree': 0.8, 'min_child_weight': 1}  val_F1=0.7019  AP=0.7543  rounds=547  37.8s
 learning_rate  max_depth  subsample  colsample_bytree  min_child_weight  val_f1  val_ap  val_logloss  val_threshold  rounds  seconds
          0.05          8        0.7               1.0                 1  0.7032  0.7552       0.0826         0.5262    1679     64.6
          0.05         10        0.5               1.0                 1  0.7025  0.7527       0.0820         0.5450     906     47.0
          0.05         12        0.5               0.8                 1  0.7019  0.7543       0.0805         0.5808     547     37.8
          0.10         12        0.7               0.8                 1  0.7012  0.7525       0.0824         0.5899     297     20.6
          0.10         10        0.7               0.8                 1  0.7012  0.7531       0.0835         0.5398     481     23.9
          0.10          8        0.7               1.0                 1  0.7010  0.7514       0.0853         0.5760     855     33.2
          0.05          8        0.7               0.8                 1  0.7009  0.7543       0.0830         0.5355    1768     65.1
          0.05         10        0.7               1.0                 1  0.7006  0.7537       0.0826         0.5364     932     45.0
          0.05          8        0.5               1.0                 1  0.6998  0.7530       0.0828         0.6746    1601     67.4
          0.10         12        0.5               1.0                 1  0.6995  0.7488       0.0823         0.6306     256     18.6
CELL 4 completed in 2276.1s
CELL 6 started
[73/74] {'learning_rate': 0.05, 'max_depth': 8, 'subsample': 0.7, 'colsample_bytree': 1.0, 'min_child_weight': 5}  val_F1=0.7010  AP=0.7541  rounds=1927  71.5s
[74/74] {'learning_rate': 0.05, 'max_depth': 8, 'subsample': 0.7, 'colsample_bytree': 1.0, 'min_child_weight': 10}  val_F1=0.7016  AP=0.7518  rounds=2536  89.7s
Selected XGBoost config: {'learning_rate': 0.05, 'max_depth': 8, 'subsample': 0.7, 'colsample_bytree': 1.0, 'min_child_weight': 1}
val_f1       0.703157
val_ap       0.755201
rounds    1679.000000
CELL 6 completed in 161.3s
CELL 8 started
[1/48] {'num_leaves': 31, 'learning_rate': 0.1, 'subsample': 1.0, 'reg_lambda': 0.0}  val_F1=0.6871  AP=0.7376  rounds=2059  37.0s
