START 03_xgboost_sybil.ipynb at 6ec421a4ade6d94ef00b8d98105f1f7baa5e255a
No event loop hook running.
CELL 2 started
CELL 2 completed in 0.0s
CELL 4 started
[1] L0 features: 434,786 addresses, 55 cols
[2] Gas provision: 604,365 edges before 2024-05-02 00:00:00 UTC (296 later edges dropped)
[3] Labeled addresses in provision network: 4,308
[4] Provider and tree features: 88 cols
[5] CEX/DEX merged: 90 cols
[6] Labels: Sybil=18,211 (4.19%)
[7] Chain features, taxonomy, gas provision trees (371,764 trees)
All 62 features present ✓  (26.1s)
     Split  Total  Sybil  NonSybil  SybilPct
     Train 213046   8924    204122      4.19
Validation  91305   3824     87481      4.19
      Test 130435   5463    124972      4.19
Train after upsampling: 408,244 rows (50.0% Sybil)

Split method: group
Row overlap (train/val, train/test, val/test): 0, 0, 0
Test addresses sharing a gas provision tree with a train address: 0 / 130,435
Test Sybils sharing a gas provision tree with a train Sybil:     0 / 5,463
CELL 4 completed in 28.1s
CELL 6 started
Tuned hyperparameters: {'learning_rate': 0.05, 'max_depth': 8, 'subsample': 0.7, 'colsample_bytree': 1.0, 'min_child_weight': 1}
  XGBoost seed=42  rounds=1679  59.3s
  XGBoost seed=123  rounds=1617  55.6s
  XGBoost seed=456  rounds=1578  60.3s
CELL 6 completed in 175.2s
CELL 8 started
  Threshold : 0.5824
  Precision : 0.7196
  Recall    : 0.7205
  F1        : 0.7200
  AUROC     : 0.9657
  Avg Prec  : 0.7645
  Brier     : 0.0197
CELL 8 completed in 0.2s
CELL 10 started
Top 20 features (normalized total gain, mean over 3 seeds):
                          Feature  NormGain
                  l0_tx_time_span  0.225214
              num_transactions_in  0.082668
             l0_avg_stargate_swap  0.063265
            n_l0_source_contracts  0.049595
              earliest_l0_tx_time  0.048238
                 max_tx_value_out  0.045587
                latest_l0_tx_time  0.041518
             earliest_tx_block_in  0.040433
       gas_provision_block_number  0.033138
           tx_value_per_block_out  0.032809
                     time_span_in  0.030862
               n_l0_source_chains  0.030242
                  min_tx_value_in  0.025118
    n_l0_project_per_source_chain  0.023459
                    n_l0_projects  0.017038
                 provider_fan_out  0.013623
                 min_tx_value_out  0.013071
provider_min_gas_provision_amount  0.012781
               n_eth_interactions  0.011782
provider_avg_gas_provision_amount  0.011598
CELL 10 completed in 0.1s
CELL 12 started
 threshold  precision  recall     f1  flagged  false_pos                 note
    0.9500     0.8636  0.4843 0.6206     3064        418                     
    0.9000     0.8299  0.5682 0.6746     3740        636                     
    0.8500     0.8075  0.6105 0.6953     4130        795                     
    0.8000     0.7913  0.6372 0.7059     4399        918                     
    0.7500     0.7743  0.6614 0.7134     4666       1053                     
    0.7000     0.7575  0.6833 0.7185     4928       1195                     
    0.5824     0.7196  0.7205 0.7200     5470       1534 validation threshold
    0.5000     0.6935  0.7388 0.7154     5820       1784                     
CELL 12 completed in 0.0s
CELL 14 started
Saved results/03_xgboost_sybil.json
Saved output/pred_03_xgboost_sybil_val.parquet (91,305 rows)
Saved output/pred_03_xgboost_sybil_test.parquet (130,435 rows)
CELL 14 completed in 0.2s
PASS 03_xgboost_sybil.ipynb: 206.7s
