START 04_lightgbm_sybil.ipynb at e3cc058915d33b813923f166fbd98386976a5ab1
No event loop hook running.
CELL 2 started
CELL 2 completed in 0.0s
CELL 4 started
[1] L0 features: 434,786 addresses, 55 cols
[2] Gas provision: 604,365 edges before 2024-05-02 00:00:00 UTC (296 later edges dropped)
[3] Labeled addresses in provision network: 4,308
[4] Provider and tree features: 88 cols
[5] CEX/DEX merged: 90 cols
[6] Labels: Sybil=18,211 (4.19%)
[7] Chain features, taxonomy, gas provision trees (371,764 trees)
All 62 features present ✓  (29.2s)
     Split  Total  Sybil  NonSybil  SybilPct
     Train 213046   8924    204122      4.19
Validation  91305   3824     87481      4.19
      Test 130435   5463    124972      4.19
Train after upsampling: 408,244 rows (50.0% Sybil)

Split method: group
Row overlap (train/val, train/test, val/test): 0, 0, 0
Test addresses sharing a gas provision tree with a train address: 0 / 130,435
Test Sybils sharing a gas provision tree with a train Sybil:     0 / 5,463
CELL 4 completed in 31.6s
CELL 6 started
Tuned hyperparameters: {'num_leaves': 127, 'learning_rate': 0.05, 'subsample': 0.7, 'reg_lambda': 1.0}
  LightGBM seed=42  rounds=1277  45.8s
  LightGBM seed=123  rounds=1248  44.8s
  LightGBM seed=456  rounds=1143  45.2s
CELL 6 completed in 136.0s
CELL 8 started
  Threshold : 0.6001
  Precision : 0.7267
  Recall    : 0.7111
  F1        : 0.7188
  AUROC     : 0.9683
  Avg Prec  : 0.7696
  Brier     : 0.0194
CELL 8 completed in 0.2s
CELL 10 started
Top 20 features (normalized total gain, mean over 3 seeds):
                          Feature  NormGain
                  l0_tx_time_span  0.185950
              num_transactions_in  0.069874
            n_l0_source_contracts  0.060700
             l0_avg_stargate_swap  0.059386
              earliest_l0_tx_time  0.054005
               n_l0_source_chains  0.051557
             earliest_tx_block_in  0.046186
                latest_l0_tx_time  0.045518
                 max_tx_value_out  0.044335
       gas_provision_block_number  0.036089
           tx_value_per_block_out  0.034025
                     time_span_in  0.029807
                  min_tx_value_in  0.025031
    n_l0_project_per_source_chain  0.023843
                    n_l0_projects  0.015835
provider_min_gas_provision_amount  0.013737
                 min_tx_value_out  0.013198
               n_eth_interactions  0.012913
provider_avg_gas_provision_amount  0.012523
                 provider_fan_out  0.012073
CELL 10 completed in 0.1s
CELL 12 started
 threshold  precision  recall     f1  flagged  false_pos                 note
    0.9500     0.8752  0.4800 0.6199     2996        374                     
    0.9000     0.8408  0.5609 0.6729     3644        580                     
    0.8500     0.8199  0.6110 0.7002     4071        733                     
    0.8000     0.8016  0.6407 0.7122     4366        866                     
    0.7500     0.7817  0.6654 0.7189     4650       1015                     
    0.7000     0.7605  0.6819 0.7190     4898       1173                     
    0.6001     0.7267  0.7111 0.7188     5346       1461 validation threshold
    0.5000     0.6957  0.7395 0.7169     5807       1767                     
CELL 12 completed in 0.0s
CELL 14 started
Saved results/04_lightgbm_sybil.json
Saved output/pred_04_lightgbm_sybil_val.parquet (91,305 rows)
Saved output/pred_04_lightgbm_sybil_test.parquet (130,435 rows)
CELL 14 completed in 0.2s
PASS 04_lightgbm_sybil.ipynb: 171.4s
