START 07_sensitivity_label_vintage.ipynb at 5f70994a51ea2ff5889a4ceea7f436537fd5ea65
No event loop hook running.
CELL 1 started
Labeled addresses in network: current 4,308, pre-snapshot 4,115
Wallets with any feature changed: 10,575 (153 Sybil)
category   IxE   IxI
category            
IxE       3806     0
IxI          0  1174
IxL       4939   656
CELL 1 completed in 55.3s
CELL 3 started
            val_f1             test_f1             test_ap             test_auroc              val_f1 test_f1 test_ap test_auroc
labels     current presnapshot current presnapshot current presnapshot    current presnapshot    diff    diff    diff       diff
split_seed                                                                                                                      
1           0.7161      0.7324  0.6990      0.6943  0.7511      0.7365     0.9689      0.9576  0.0163 -0.0048 -0.0145    -0.0113
2           0.7188      0.7167  0.7156      0.7073  0.7557      0.7548     0.9668      0.9648 -0.0021 -0.0083 -0.0010    -0.0020
3           0.7095      0.7062  0.7156      0.7194  0.7637      0.7627     0.9692      0.9676 -0.0033  0.0039 -0.0010    -0.0016
4           0.7070      0.7197  0.7169      0.7154  0.7646      0.7660     0.9679      0.9682  0.0128 -0.0016  0.0014     0.0003
5           0.7199      0.7105  0.7167      0.7189  0.7568      0.7660     0.9692      0.9676 -0.0093  0.0022  0.0092    -0.0016
6           0.7051      0.7175  0.7105      0.7082  0.7548      0.7553     0.9659      0.9677  0.0124 -0.0023  0.0005     0.0018
7           0.7081      0.7263  0.7194      0.7081  0.7695      0.7510     0.9703      0.9656  0.0182 -0.0113 -0.0185    -0.0047
8           0.7180      0.7413  0.7175      0.7019  0.7664      0.7494     0.9706      0.9656  0.0233 -0.0156 -0.0170    -0.0050
9           0.7120      0.7325  0.7093      0.6962  0.7593      0.7504     0.9656      0.9661  0.0205 -0.0131 -0.0089     0.0005
42          0.7067      0.7068  0.7105      0.7139  0.7650      0.7600     0.9672      0.9680  0.0001  0.0034 -0.0050     0.0007

Pre-snapshot minus current, mean and SD over 10 splits:
      val_f1  test_f1  test_ap  test_auroc
mean  0.0089  -0.0047  -0.0055     -0.0023
std   0.0115   0.0070   0.0090      0.0039
CELL 3 completed in 1012.3s
CELL 6 started
                                       funders  wallets  sybil_share
period                                                              
added after Sybil list                      80     1086         0.92
added before snapshot                      455   264646         5.30
added between snapshot and Sybil list       38     1082         2.40
CELL 6 completed in 8.1s
CELL 8 started
Saved results/07_sensitivity_label_vintage.json
CELL 8 completed in 0.0s
PASS 07_sensitivity_label_vintage.ipynb: 1078.2s
