START 09_shap_importance.ipynb at e5885b4a341bc2fd6ef9ce8881cc7a5911141563
No event loop hook running.
CELL 1 started
  LightGBM seed=42  rounds=1277  56.1s
                                        All     IxL     IxI     IxE                  family
l0_tx_time_span                      0.9068  0.8622  0.8985  1.0545  LayerZero transactions
n_l0_source_contracts                0.7108  0.6514  0.7273  0.8991  LayerZero transactions
l0_avg_stargate_swap                 0.6063  0.6165  0.5416  0.5967  LayerZero transactions
earliest_l0_tx_time                  0.5452  0.5574  0.4650  0.5343  LayerZero transactions
latest_l0_tx_time                    0.5042  0.5002  0.4764  0.5265  LayerZero transactions
max_tx_value_out                     0.4929  0.5042  0.4714  0.4634   Ethereum transactions
num_transactions_in                  0.4697  0.4644  0.4018  0.5111   Ethereum transactions
n_l0_source_chains                   0.4284  0.3984  0.4326  0.5246  LayerZero transactions
tx_value_per_block_out               0.3414  0.3434  0.3124  0.3451   Ethereum transactions
earliest_tx_block_in                 0.3235  0.3328  0.2898  0.3050   Ethereum transactions
l0_min_stargate_swap                 0.2740  0.2529  0.2629  0.3465  LayerZero transactions
min_tx_value_in                      0.2536  0.2779  0.2013  0.1927   Ethereum transactions
time_span_in                         0.2476  0.2463  0.2607  0.2469   Ethereum transactions
gas_provision_block_number           0.2194  0.2293  0.1842  0.1983            Gas provider
n_l0_project_per_source_chain        0.2194  0.2271  0.2087  0.1986  LayerZero transactions
n_l0_projects                        0.1604  0.1571  0.1716  0.1673  LayerZero transactions
provider_avg_gas_provision_amount    0.1294  0.1351  0.1105  0.1174            Gas provider
min_tx_value_out                     0.1276  0.1379  0.1020  0.1022   Ethereum transactions
provider_min_gas_provision_amount    0.1266  0.1021  0.1822  0.1864            Gas provider
provider_fan_out                     0.1114  0.1043  0.1185  0.1320            Gas provider
n_eth_interactions                   0.1052  0.0960  0.1195  0.1304  LayerZero transactions
provider_total_gas_provision_amount  0.1028  0.0824  0.1430  0.1541            Gas provider
cex_in_count                         0.0924  0.0823  0.1134  0.1176   Ethereum transactions
provider_max_gas_provision_amount    0.0920  0.1034  0.0616  0.0650            Gas provider
indegree_per_block_in                0.0888  0.0877  0.0869  0.0931   Ethereum transactions

Mean |SHAP| by family:
                           All     IxL     IxI     IxE
family                                                
Ethereum transactions   2.4375  2.4771  2.2397  2.3771
Gas provider            0.8421  0.8068  0.9412  0.9190
Gas provision tree      0.4891  0.2477  1.3500  0.9752
LayerZero transactions  4.8831  4.7315  4.7758  5.4168
Provision chain         0.0387  0.0247  0.0910  0.0658
CELL 1 completed in 2517.2s
CELL 2 started
CELL 2 completed in 1.9s
CELL 3 started
Saved results/09_shap_importance.json
CELL 3 completed in 0.0s
PASS 09_shap_importance.ipynb: 2522.5s
