START 13_random_forest_sybil.ipynb at 3d1774c8975c9b471d4c7fdec823cf087cdc98fe
No event loop hook running.
CELL 2 started
Code commit: 3d1774c
Platform: {'machine': 'x86_64', 'processor': 'x86_64', 'system': 'Linux', 'python': '3.12.14', 'cpu_count': 9, 'n_jobs': 4}
CELL 2 completed in 0.1s
CELL 4 started
[1] L0 features: 434,786 addresses, 55 cols
[2] Gas provision: 604,365 edges before 2024-05-02 00:00:00 UTC (296 later edges dropped)
[3] Labeled addresses in provision network: 4,308
[4] Provider and tree features: 88 cols
[5] CEX/DEX merged: 90 cols
[6] Labels: Sybil=18,211 (4.19%)
[7] Chain features, taxonomy, gas provision trees (371,764 trees)
All 62 features present ✓  (28.0s)
     Split  Total  Sybil  NonSybil  SybilPct
     Train 213046   8924    204122      4.19
Validation  91305   3824     87481      4.19
Train after upsampling: 408,244 rows (50.0% Sybil)
CELL 4 completed in 29.1s
CELL 6 started
max_features=sqrt  one tree: 1.1 MiB, 14,751 nodes, 0.9s
max_features=0.3   one tree: 0.9 MiB, 11,801 nodes, 2.6s
max_features=0.5   one tree: 0.8 MiB, 10,925 nodes, 4.3s
max_features=0.7   one tree: 0.8 MiB, 10,551 nodes, 5.6s
Projected 300-tree forest: 0.33 GiB; available RAM 7.94 GiB -> max_samples = None
CELL 6 completed in 13.4s
CELL 7 started
10 of 24 configurations already in ./results/13_search_random_forest.csv
  first fit 184s; about 40 min for the remaining 13 (the 3 final fits and 10 split fits take about 40 min more)
[11/24] {'max_features': 0.3, 'min_samples_leaf': 20, 'max_depth': None, 'max_samples': None}  val_F1=0.6743  AP=0.7192  183.9s
[12/24] {'max_features': 0.3, 'min_samples_leaf': 20, 'max_depth': 24, 'max_samples': None}  val_F1=0.6475  AP=0.6822  175.6s
[13/24] {'max_features': 0.5, 'min_samples_leaf': 1, 'max_depth': None, 'max_samples': None}  val_F1=0.7021  AP=0.7484  339.0s
[14/24] {'max_features': 0.5, 'min_samples_leaf': 1, 'max_depth': 24, 'max_samples': None}  val_F1=0.6349  AP=0.6609  304.8s
[15/24] {'max_features': 0.5, 'min_samples_leaf': 5, 'max_depth': None, 'max_samples': None}  val_F1=0.6979  AP=0.7424  326.4s
[16/24] {'max_features': 0.5, 'min_samples_leaf': 5, 'max_depth': 24, 'max_samples': None}  val_F1=0.6461  AP=0.6790  295.0s
[17/24] {'max_features': 0.5, 'min_samples_leaf': 20, 'max_depth': None, 'max_samples': None}  val_F1=0.6815  AP=0.7234  295.6s
[18/24] {'max_features': 0.5, 'min_samples_leaf': 20, 'max_depth': 24, 'max_samples': None}  val_F1=0.6529  AP=0.6864  289.1s
[19/24] {'max_features': 0.7, 'min_samples_leaf': 1, 'max_depth': None, 'max_samples': None}  val_F1=0.7000  AP=0.7423  450.8s
[20/24] {'max_features': 0.7, 'min_samples_leaf': 1, 'max_depth': 24, 'max_samples': None}  val_F1=0.6397  AP=0.6608  417.9s
[21/24] {'max_features': 0.7, 'min_samples_leaf': 5, 'max_depth': None, 'max_samples': None}  val_F1=0.6976  AP=0.7393  447.8s
[22/24] {'max_features': 0.7, 'min_samples_leaf': 5, 'max_depth': 24, 'max_samples': None}  val_F1=0.6464  AP=0.6749  418.3s
[23/24] {'max_features': 0.7, 'min_samples_leaf': 20, 'max_depth': None, 'max_samples': None}  val_F1=0.6810  AP=0.7224  400.5s
[24/24] {'max_features': 0.7, 'min_samples_leaf': 20, 'max_depth': 24, 'max_samples': None}  val_F1=0.6562  AP=0.6846  398.7s
CELL 7 completed in 4743.4s
CELL 8 started
Selected Random Forest config: {'max_features': 0.3, 'min_samples_leaf': 1, 'max_depth': None, 'max_samples': None}
max_features min_samples_leaf max_depth max_samples  val_f1  val_ap  val_auroc  val_logloss  val_threshold  seconds
         0.3                1      None        None  0.7028  0.7515     0.9683       0.0792         0.3567    190.4
         0.5                1      None        None  0.7021  0.7484     0.9667       0.0820         0.3933    339.0
         0.7                1      None        None  0.7000  0.7423     0.9642       0.0860         0.3900    450.8
        sqrt                1      None        None  0.6990  0.7469     0.9675       0.0768         0.3326     80.8
         0.5                5      None        None  0.6979  0.7424     0.9661       0.0896         0.5394    326.4
         0.7                5      None        None  0.6976  0.7393     0.9653       0.0907         0.5083    447.8
         0.3                5      None        None  0.6954  0.7426     0.9676       0.0880         0.5504    178.9
         0.5               20      None        None  0.6815  0.7234     0.9661       0.1139         0.6844    295.6
         0.7               20      None        None  0.6810  0.7224     0.9653       0.1141         0.6672    400.5
         0.3               20      None        None  0.6743  0.7192     0.9664       0.1177         0.6878    183.9
        sqrt                5      None        None  0.6728  0.7201     0.9647       0.0961         0.5894     78.1
         0.7               20        24        None  0.6562  0.6846     0.9620       0.1340         0.7574    398.7
         0.5               20        24        None  0.6529  0.6864     0.9626       0.1335         0.7620    289.1
         0.3               20        24        None  0.6475  0.6822     0.9627       0.1366         0.7377    175.6
         0.7                5        24        None  0.6464  0.6749     0.9585       0.1222         0.7557    418.3
         0.5                5        24        None  0.6461  0.6790     0.9603       0.1187         0.7598    295.0
        sqrt               20      None        None  0.6451  0.6897     0.9616       0.1377         0.6775     75.5
         0.3                5        24        None  0.6418  0.6773     0.9606       0.1159         0.7527    173.0
         0.7                1        24        None  0.6397  0.6608     0.9564       0.1238         0.7396    417.9
         0.3                1        24        None  0.6350  0.6636     0.9585       0.1165         0.7291    180.6
         0.5                1        24        None  0.6349  0.6609     0.9575       0.1187         0.7337    304.8
        sqrt                5        24        None  0.6263  0.6594     0.9565       0.1265         0.7675     73.4
        sqrt               20        24        None  0.6218  0.6554     0.9580       0.1558         0.7682     72.1
        sqrt                1        24        None  0.6183  0.6523     0.9551       0.1186         0.5913     76.1
CELL 8 completed in 0.0s
CELL 10 started
           param value  best_val_f1
    max_features   0.3       0.7028
    max_features   0.5       0.7021
    max_features   0.7       0.7000
    max_features  sqrt       0.6990
min_samples_leaf     1       0.7028
min_samples_leaf    20       0.6815
min_samples_leaf     5       0.6979
       max_depth    24       0.6562
       max_depth  None       0.7028
CELL 10 completed in 0.0s
CELL 12 started
     Split  Total  Sybil  NonSybil  SybilPct
     Train 213046   8924    204122      4.19
Validation  91305   3824     87481      4.19
      Test 130435   5463    124972      4.19
Split method: group
Row overlap (train/val, train/test, val/test): 0, 0, 0
Test addresses sharing a gas provision tree with a train address: 0 / 130,435
Test Sybils sharing a gas provision tree with a train Sybil:     0 / 5,463
  Random Forest seed=42  182.7s
  Random Forest seed=123  185.8s
  Random Forest seed=456  185.7s
CELL 12 completed in 556.5s
CELL 13 started
  Threshold : 0.3278
  Precision : 0.7078
  Recall    : 0.7146
  F1        : 0.7112
  AUROC     : 0.9707
  Avg Prec  : 0.7679
  Brier     : 0.0176
CELL 13 completed in 0.2s
CELL 15 started
 threshold  precision  recall     f1  flagged  false_pos                 note
    0.9500     0.9686  0.1975 0.3281     1114         35                     
    0.9000     0.9396  0.2762 0.4269     1606         97                     
    0.8500     0.9100  0.3461 0.5015     2078        187                     
    0.8000     0.8906  0.4040 0.5558     2478        271                     
    0.7500     0.8729  0.4499 0.5938     2816        358                     
    0.7000     0.8504  0.4973 0.6276     3195        478                     
    0.5000     0.7921  0.6271 0.7000     4325        899                     
    0.3278     0.7078  0.7146 0.7112     5516       1612 validation threshold
   category     n  sybil  precision  recall     f1  auroc    fpr
        IxE 28171    258     0.7857  0.1705 0.2803 0.9387 0.0004
        IxI  9967    426     0.9038  0.1103 0.1967 0.9213 0.0005
        IxL 92079   4770     0.7048  0.7979 0.7485 0.9753 0.0183
No provider   218      9     0.8750  0.7778 0.8235 0.9957 0.0048
CELL 15 completed in 0.2s
CELL 17 started
CACHE SAVE 13_random_forest_sybil 0cf3f96dd556 (62 features)
split 42: RF test F1 0.7106  AP 0.7656; LightGBM 0.7105 / 0.7650  (236s)
CACHE SAVE 13_random_forest_sybil 29a3e4c74cf9 (62 features)
split 1: RF test F1 0.6961  AP 0.7415; LightGBM 0.6990 / 0.7511  (244s)
CACHE SAVE 13_random_forest_sybil adb9104b9fab (62 features)
split 2: RF test F1 0.6992  AP 0.7484; LightGBM 0.7156 / 0.7557  (239s)
CACHE SAVE 13_random_forest_sybil 50fa1ec37b80 (62 features)
split 3: RF test F1 0.6970  AP 0.7522; LightGBM 0.7156 / 0.7637  (245s)
CACHE SAVE 13_random_forest_sybil 2b9224308e31 (62 features)
split 4: RF test F1 0.7048  AP 0.7559; LightGBM 0.7169 / 0.7646  (244s)
CACHE SAVE 13_random_forest_sybil 2fb024aef987 (62 features)
split 5: RF test F1 0.6993  AP 0.7507; LightGBM 0.7167 / 0.7568  (249s)
CACHE SAVE 13_random_forest_sybil 78c7e6e96079 (62 features)
split 6: RF test F1 0.6954  AP 0.7467; LightGBM 0.7105 / 0.7548  (245s)
CACHE SAVE 13_random_forest_sybil e37d52e649f4 (62 features)
split 7: RF test F1 0.7100  AP 0.7632; LightGBM 0.7194 / 0.7695  (258s)
CACHE SAVE 13_random_forest_sybil f80852cdda2e (62 features)
split 8: RF test F1 0.7046  AP 0.7568; LightGBM 0.7175 / 0.7664  (277s)
CACHE SAVE 13_random_forest_sybil dcd205dcd8d3 (62 features)
split 9: RF test F1 0.7052  AP 0.7545; LightGBM 0.7093 / 0.7593  (259s)
 split_seed  threshold  val_f1  val_ap  val_auroc  test_f1  test_ap  test_auroc  lgbm_threshold  lgbm_val_f1  lgbm_val_ap  lgbm_val_auroc  lgbm_test_f1  lgbm_test_ap  lgbm_test_auroc  test_f1_minus_lgbm  test_f1_minus_lgbm08  test_ap_minus_lgbm  test_ap_minus_lgbm08  test_auroc_minus_lgbm  test_auroc_minus_lgbm08  lgbm_test_f1_minus_lgbm08
         42     0.3567  0.7028  0.7515     0.9683   0.7106   0.7656      0.9688          0.4355       0.7067       0.7600          0.9668        0.7105        0.7650           0.9672              0.0000                0.0000              0.0006                0.0006                 0.0016                   0.0016                        0.0
          1     0.4333  0.7192  0.7649     0.9702   0.6961   0.7415      0.9668          0.6369       0.7161       0.7672          0.9680        0.6990        0.7511           0.9689             -0.0029               -0.0029             -0.0095               -0.0095                -0.0021                  -0.0021                        0.0
          2     0.3299  0.7106  0.7639     0.9685   0.6992   0.7484      0.9679          0.5145       0.7188       0.7749          0.9705        0.7156        0.7557           0.9668             -0.0164               -0.0164             -0.0073               -0.0073                 0.0012                   0.0012                        0.0
          3     0.3530  0.7041  0.7501     0.9671   0.6970   0.7522      0.9689          0.6020       0.7095       0.7594          0.9676        0.7156        0.7637           0.9692             -0.0185               -0.0185             -0.0115               -0.0115                -0.0003                  -0.0003                        0.0
          4     0.3300  0.7045  0.7407     0.9640   0.7048   0.7559      0.9667          0.6893       0.7070       0.7443          0.9593        0.7169        0.7646           0.9679             -0.0121               -0.0121             -0.0087               -0.0087                -0.0012                  -0.0012                        0.0
          5     0.3833  0.7141  0.7650     0.9698   0.6993   0.7507      0.9703          0.5461       0.7199       0.7641          0.9706        0.7167        0.7568           0.9692             -0.0174               -0.0174             -0.0061               -0.0061                 0.0011                   0.0011                        0.0
          6     0.4167  0.7114  0.7540     0.9687   0.6954   0.7467      0.9679          0.6113       0.7051       0.7449          0.9639        0.7105        0.7548           0.9659             -0.0151               -0.0151             -0.0081               -0.0081                 0.0019                   0.0019                        0.0
          7     0.3700  0.7118  0.7577     0.9686   0.7100   0.7632      0.9711          0.5693       0.7081       0.7548          0.9663        0.7194        0.7695           0.9703             -0.0095               -0.0095             -0.0063               -0.0063                 0.0008                   0.0008                        0.0
          8     0.4267  0.7159  0.7610     0.9683   0.7046   0.7568      0.9696          0.6079       0.7180       0.7575          0.9630        0.7175        0.7664           0.9706             -0.0129               -0.0129             -0.0096               -0.0096                -0.0010                  -0.0010                        0.0
          9     0.3833  0.7041  0.7528     0.9689   0.7052   0.7545      0.9672          0.5219       0.7120       0.7570          0.9683        0.7093        0.7593           0.9656             -0.0041               -0.0041             -0.0048               -0.0048                 0.0016                   0.0016                        0.0
CELL 17 completed in 2494.5s
CELL 19 started
Test partition, seed-42 group split (03-05 from their committed results):
                           model  precision  recall     f1  auroc     ap
         XGBoost (tuned, 3-seed)     0.7196  0.7205 0.7200 0.9657 0.7645
        LightGBM (tuned, 3-seed)     0.7267  0.7111 0.7188 0.9683 0.7696
Logistic Regression (C=0.01, L1)     0.1499  0.6167 0.2412 0.8368 0.1656
   Random Forest (tuned, 3-seed)     0.7078  0.7146 0.7112 0.9707 0.7679

10 group splits, model seed 42 (mean ± SD); this notebook: x86_64 / Linux
                                                                                                                                                                                                                                                                                                                                                                                                                                                                                                                                                                                                           model              f1              ap           auroc
                                                                                                                                                                                                                                                                                                                                                                                                                                                                                                                                                                          Random Forest (selected), this machine 0.7022 ± 0.0056 0.7535 ± 0.0073 0.9685 ± 0.0015
                                                                                                                                                                                                                                                                                                                                                                                                                                                                                                                                                                                          LightGBM, this machine 0.7131 ± 0.0060 0.7607 ± 0.0060 0.9682 ± 0.0018
LightGBM, 08 (platform: {'machine': 'x86_64', 'system': 'Linux', 'processor': 'AMD EPYC 9V74 80-Core Processor', 'kernel': '6.18.44', 'python': '3.12.14', 'cpu_count': 9, 'n_jobs': 4, 'versions': {'numpy': '2.4.6', 'pandas': '3.0.6', 'scipy': '1.17.1', 'scikit-learn': '1.8.0', 'xgboost': '3.2.0', 'lightgbm': '4.6.0', 'shap': '0.51.0', 'pyarrow': '25.0.1', 'matplotlib': '3.11.2'}, 'threads': {'OMP_NUM_THREADS': '4', 'OPENBLAS_NUM_THREADS': '1', 'MKL_NUM_THREADS': '1', 'NUMEXPR_NUM_THREADS': '4', 'PYTHONHASHSEED': '42'}, 'lightgbm_repro': {'force_col_wise': True, 'deterministic': True}}) 0.7131 ± 0.0060 0.7607 ± 0.0060 0.9682 ± 0.0018
RF − LightGBM, paired by split, same machine: test F1 -0.0109 ± 0.0065 (RF lower on 9 of 10); AP -0.0071 ± 0.0034; AUROC +0.0004 ± 0.0014
LightGBM here minus 08 (platform difference), test F1: +0.0000 ± 0.0000; identical: True
CELL 19 completed in 0.0s
CELL 21 started
Saved results/13_random_forest_sybil.json
Saved output/pred_13_random_forest_sybil_val.parquet (91,305 rows)
Saved output/pred_13_random_forest_sybil_test.parquet (130,435 rows)
CELL 21 completed in 0.2s
PASS 13_random_forest_sybil.ipynb: 7841.3s
