START 14_entity_level_recall.ipynb at 81edf1564aeb98f6c4c10201c9c9e291c54f8e5c
No event loop hook running.
CELL 2 started
Code commit: 81edf15
               notebook  commit  dependencies_unchanged
       03_xgboost_sybil f6caa9c                    True
      04_lightgbm_sybil e3cc058                    True
06_cross_ensemble_sybil cb17cb9                    True
Validation 91,305 rows, test 130,435 rows
CELL 2 completed in 0.3s
CELL 4 started
   model  matches_committed  threshold_used  recall_used  f1_used  threshold_committed  recall_committed  f1_committed
 XGBoost               True          0.5824       0.7205   0.7200               0.5824            0.7205        0.7200
LightGBM               True          0.6001       0.7111   0.7188               0.6001            0.7111        0.7188
Ensemble               True          0.5035       0.7388   0.7173               0.5035            0.7388        0.7173
Platform: {'machine': 'x86_64', 'processor': 'x86_64', 'system': 'Linux', 'python': '3.12.14'}
CELL 4 completed in 0.5s
CELL 6 started
5,463 test Sybils; allocation 32,696.7 ZRO; 4,907 trees, 239 reports, 132 reporters
CELL 6 completed in 29.4s
CELL 8 started
E1 {'entities': 4907, 'all_sybils_in_test': True, 'single_wallet_tree_share': 0.9715, 'ixl_test_sybils_in_single_wallet_trees_share': 0.9853}
E2 {'entities': 239, 'reports_total': 311, 'reports_with_all_sybils_in_test': 18, 'test_sybils_in_those_reports': 20, 'test_share_of_report_sybils_median': 0.3112}
E3 {'entities': 132}
CELL 8 completed in 0.4s
CELL 10 started
                                      entities       mean median  max
E1 gas provision tree                     4907   1.113308    1.0  100
E2 bounty report                           239  22.857741    7.0  294
E2 bounty report (all Sybils in test)       18   1.111111    1.0    2
E3 reporter                                132  41.386364   15.0  453
                                          1  2–5  6–20  21–100  >100
E1 gas provision tree                  4811   69    22       5     0
E2 bounty report                         56   51    71      49    12
E2 bounty report (all Sybils in test)    16    2     0       0     0
E3 reporter                               9   18    49      43    13
CELL 10 completed in 1.0s
CELL 12 started
XGBoost   E1 Sybil-weighted recall 0.720483 = address-level recall 0.720483 (committed 0.720483)
LightGBM  E1 Sybil-weighted recall 0.711148 = address-level recall 0.711148 (committed 0.711148)
Ensemble  E1 Sybil-weighted recall 0.738788 = address-level recall 0.738788 (committed 0.738788)
Entity Sybil counts sum to 5463 and allocation totals to 32696.72 for every entity type
CELL 12 completed in 0.0s
CELL 14 started
=== E1 gas provision tree
                 entities  sybils  any_hit  majority_hit  full_hit  within_recall_unweighted  within_recall_weighted  residual_allocation_share  entities_majority_allocation_unflagged  entities_majority_allocation_unflagged_share
model    bucket                                                                                                                                                                                                                      
LightGBM all         4907    5463   0.7555        0.7550    0.7532                    0.7545                  0.7111                     0.3796                                    1205                                        0.2456
         1           4811    4811   0.7630        0.7630    0.7630                    0.7630                  0.7630                     0.2752                                    1140                                        0.2370
         2–5           69     193   0.4638        0.4493    0.3478                    0.4094                  0.3731                     0.7840                                      41                                        0.5942
         6–20          22     239   0.0909        0.0455    0.0000                    0.0467                  0.0753                     0.9813                                      21                                        0.9545
         21–100         5     220   0.4000        0.4000    0.2000                    0.3980                  0.5636                     0.5154                                       3                                        0.6000
Ensemble all         4907    5463   0.7854        0.7848    0.7830                    0.7842                  0.7388                     0.3549                                    1059                                        0.2158
         1           4811    4811   0.7932        0.7932    0.7932                    0.7932                  0.7932                     0.2452                                     995                                        0.2068
         2–5           69     193   0.4928        0.4638    0.3478                    0.4196                  0.3834                     0.7776                                      40                                        0.5797
         6–20          22     239   0.0909        0.0455    0.0455                    0.0568                  0.0921                     0.9801                                      21                                        0.9545
         21–100         5     220   0.4000        0.4000    0.2000                    0.3980                  0.5636                     0.5154                                       3                                        0.6000 

=== E2 bounty report
                 entities  sybils  any_hit  majority_hit  full_hit  within_recall_unweighted  within_recall_weighted  residual_allocation_share  entities_majority_allocation_unflagged  entities_majority_allocation_unflagged_share
model    bucket                                                                                                                                                                                                                      
LightGBM all          239    5463   0.6946        0.5397    0.1548                    0.5022                  0.7111                     0.3796                                     121                                        0.5063
         1             56      56   0.1250        0.1250    0.1250                    0.1250                  0.1250                     0.9432                                      49                                        0.8750
         2–5           51     174   0.6471        0.4510    0.2745                    0.4497                  0.4655                     0.5707                                      31                                        0.6078
         6–20          71     727   0.9155        0.7183    0.1690                    0.6492                  0.6547                     0.4042                                      25                                        0.3521
         21–100        49    2342   1.0000        0.7551    0.0816                    0.7024                  0.6742                     0.4846                                      15                                        0.3061
         >100          12    2164   1.0000        0.9167    0.0000                    0.7987                  0.8050                     0.1979                                       1                                        0.0833
Ensemble all          239    5463   0.7113        0.5774    0.1632                    0.5286                  0.7388                     0.3549                                     111                                        0.4644
         1             56      56   0.1429        0.1429    0.1429                    0.1429                  0.1429                     0.9344                                      48                                        0.8571
         2–5           51     174   0.6863        0.5294    0.2941                    0.4843                  0.5000                     0.5302                                      27                                        0.5294
         6–20          71     727   0.9296        0.7606    0.1690                    0.6805                  0.6905                     0.3712                                      21                                        0.2958
         21–100        49    2342   1.0000        0.7551    0.0816                    0.7222                  0.6977                     0.4662                                      15                                        0.3061
         >100          12    2164   1.0000        1.0000    0.0000                    0.8279                  0.8341                     0.1702                                       0                                        0.0000 

=== E2 bounty report (all Sybils in test)
                 entities  sybils  any_hit  majority_hit  full_hit  within_recall_unweighted  within_recall_weighted  residual_allocation_share  entities_majority_allocation_unflagged  entities_majority_allocation_unflagged_share
model    bucket                                                                                                                                                                                                                      
LightGBM all           18      20   0.0556        0.0556    0.0556                    0.0556                  0.0500                     0.9818                                      17                                        0.9444
         1             16      16   0.0625        0.0625    0.0625                    0.0625                  0.0625                     0.9776                                      15                                        0.9375
         2–5            2       4   0.0000        0.0000    0.0000                    0.0000                  0.0000                     1.0000                                       2                                        1.0000
Ensemble all           18      20   0.0556        0.0556    0.0556                    0.0556                  0.0500                     0.9818                                      17                                        0.9444
         1             16      16   0.0625        0.0625    0.0625                    0.0625                  0.0625                     0.9776                                      15                                        0.9375
         2–5            2       4   0.0000        0.0000    0.0000                    0.0000                  0.0000                     1.0000                                       2                                        1.0000 

=== E3 reporter
                 entities  sybils  any_hit  majority_hit  full_hit  within_recall_unweighted  within_recall_weighted  residual_allocation_share  entities_majority_allocation_unflagged  entities_majority_allocation_unflagged_share
model    bucket                                                                                                                                                                                                                      
LightGBM all          132    5463   0.8636        0.6742    0.1136                    0.6117                  0.7111                     0.3796                                      52                                        0.3939
         1              9       9   0.1111        0.1111    0.1111                    0.1111                  0.1111                     0.9867                                       8                                        0.8889
         2–5           18      61   0.6667        0.6111    0.3889                    0.5528                  0.5574                     0.5212                                       8                                        0.4444
         6–20          49     521   0.9184        0.6939    0.1020                    0.6394                  0.6526                     0.4260                                      18                                        0.3673
         21–100        43    2081   1.0000        0.7209    0.0465                    0.6555                  0.6281                     0.5084                                      16                                        0.3721
         >100          13    2791   1.0000        0.9231    0.0000                    0.7904                  0.7893                     0.2255                                       2                                        0.1538
Ensemble all          132    5463   0.8788        0.7273    0.1212                    0.6419                  0.7388                     0.3549                                      45                                        0.3409
         1              9       9   0.2222        0.2222    0.2222                    0.2222                  0.2222                     0.9051                                       7                                        0.7778
         2–5           18      61   0.7222        0.6667    0.3889                    0.5750                  0.5902                     0.4933                                       7                                        0.3889
         6–20          49     521   0.9184        0.7551    0.1020                    0.6661                  0.6795                     0.4065                                      16                                        0.3265
         21–100        43    2081   1.0000        0.7442    0.0465                    0.6767                  0.6506                     0.4876                                      14                                        0.3256
         >100          13    2791   1.0000        1.0000    0.0000                    0.8193                  0.8205                     0.1955                                       1                                        0.0769 

CELL 14 completed in 0.0s
CELL 16 started
                                                                threshold  any_hit  majority_hit  full_hit  within_recall_weighted  residual_allocation_share  entities_majority_allocation_unflagged
entity                                model    threshold_label                                                                                                                                       
E1 gas provision tree                 XGBoost  validation          0.5824   0.7677        0.7671    0.7654                  0.7205                     0.3688                                    1145
                                               0.95                0.9500   0.5286        0.5276    0.5270                  0.4843                     0.5833                                    2320
                                               0.90                0.9000   0.6148        0.6146    0.6130                  0.5682                     0.5073                                    1895
                                               0.80                0.8000   0.6853        0.6849    0.6833                  0.6372                     0.4434                                    1551
                                               0.70                0.7000   0.7336        0.7332    0.7316                  0.6833                     0.4014                                    1313
                                      LightGBM validation          0.6001   0.7555        0.7550    0.7532                  0.7111                     0.3796                                    1205
                                               0.95                0.9500   0.5209        0.5201    0.5193                  0.4800                     0.5879                                    2358
                                               0.90                0.9000   0.6049        0.6044    0.6030                  0.5609                     0.5138                                    1944
                                               0.80                0.8000   0.6823        0.6819    0.6805                  0.6407                     0.4423                                    1564
                                               0.70                0.7000   0.7251        0.7245    0.7233                  0.6819                     0.4057                                    1356
                                      Ensemble validation          0.5035   0.7854        0.7848    0.7830                  0.7388                     0.3549                                    1059
                                               0.95                0.9500   0.5199        0.5191    0.5182                  0.4787                     0.5886                                    2363
                                               0.90                0.9000   0.6038        0.6034    0.6020                  0.5594                     0.5164                                    1949
                                               0.80                0.8000   0.6821        0.6817    0.6803                  0.6405                     0.4427                                    1565
                                               0.70                0.7000   0.7243        0.7237    0.7224                  0.6813                     0.4061                                    1360
E2 bounty report                      XGBoost  validation          0.5824   0.7029        0.5523    0.1506                  0.7205                     0.3688                                     116
                                               0.95                0.9500   0.5774        0.3138    0.0753                  0.4843                     0.5833                                     167
                                               0.90                0.9000   0.6444        0.4268    0.0921                  0.5682                     0.5073                                     146
                                               0.80                0.8000   0.6695        0.4854    0.1088                  0.6372                     0.4434                                     133
                                               0.70                0.7000   0.6904        0.5188    0.1255                  0.6833                     0.4014                                     125
                                      LightGBM validation          0.6001   0.6946        0.5397    0.1548                  0.7111                     0.3796                                     121
                                               0.95                0.9500   0.5816        0.3096    0.0795                  0.4800                     0.5879                                     172
                                               0.90                0.9000   0.6318        0.4059    0.0921                  0.5609                     0.5138                                     150
                                               0.80                0.8000   0.6653        0.4812    0.1255                  0.6407                     0.4423                                     134
                                               0.70                0.7000   0.6862        0.5188    0.1381                  0.6819                     0.4057                                     124
                                      Ensemble validation          0.5035   0.7113        0.5774    0.1632                  0.7388                     0.3549                                     111
                                               0.95                0.9500   0.5858        0.3096    0.0795                  0.4787                     0.5886                                     173
                                               0.90                0.9000   0.6318        0.4059    0.0921                  0.5594                     0.5164                                     151
                                               0.80                0.8000   0.6653        0.4812    0.1213                  0.6405                     0.4427                                     135
                                               0.70                0.7000   0.6862        0.5188    0.1381                  0.6813                     0.4061                                     124
E2 bounty report (all Sybils in test) XGBoost  validation          0.5824   0.0556        0.0556    0.0556                  0.0500                     0.9818                                      17
                                               0.95                0.9500   0.0000        0.0000    0.0000                  0.0000                     1.0000                                      18
                                               0.90                0.9000   0.0000        0.0000    0.0000                  0.0000                     1.0000                                      18
                                               0.80                0.8000   0.0556        0.0556    0.0556                  0.0500                     0.9818                                      17
                                               0.70                0.7000   0.0556        0.0556    0.0556                  0.0500                     0.9818                                      17
                                      LightGBM validation          0.6001   0.0556        0.0556    0.0556                  0.0500                     0.9818                                      17
                                               0.95                0.9500   0.0000        0.0000    0.0000                  0.0000                     1.0000                                      18
                                               0.90                0.9000   0.0556        0.0556    0.0556                  0.0500                     0.9818                                      17
                                               0.80                0.8000   0.0556        0.0556    0.0556                  0.0500                     0.9818                                      17
                                               0.70                0.7000   0.0556        0.0556    0.0556                  0.0500                     0.9818                                      17
                                      Ensemble validation          0.5035   0.0556        0.0556    0.0556                  0.0500                     0.9818                                      17
                                               0.95                0.9500   0.0000        0.0000    0.0000                  0.0000                     1.0000                                      18
                                               0.90                0.9000   0.0556        0.0556    0.0556                  0.0500                     0.9818                                      17
                                               0.80                0.8000   0.0556        0.0556    0.0556                  0.0500                     0.9818                                      17
                                               0.70                0.7000   0.0556        0.0556    0.0556                  0.0500                     0.9818                                      17
E3 reporter                           XGBoost  validation          0.5824   0.8712        0.7045    0.0985                  0.7205                     0.3688                                      50
                                               0.95                0.9500   0.7955        0.3864    0.0530                  0.4843                     0.5833                                      87
                                               0.90                0.9000   0.8333        0.5000    0.0606                  0.5682                     0.5073                                      71
                                               0.80                0.8000   0.8561        0.6288    0.0682                  0.6372                     0.4434                                      59
                                               0.70                0.7000   0.8636        0.6439    0.0758                  0.6833                     0.4014                                      56
                                      LightGBM validation          0.6001   0.8636        0.6742    0.1136                  0.7111                     0.3796                                      52
                                               0.95                0.9500   0.7879        0.3636    0.0530                  0.4800                     0.5879                                      89
                                               0.90                0.9000   0.8258        0.5000    0.0606                  0.5609                     0.5138                                      72
                                               0.80                0.8000   0.8636        0.6288    0.0909                  0.6407                     0.4423                                      60
                                               0.70                0.7000   0.8636        0.6667    0.0985                  0.6819                     0.4057                                      54
                                      Ensemble validation          0.5035   0.8788        0.7273    0.1212                  0.7388                     0.3549                                      45
                                               0.95                0.9500   0.7879        0.3636    0.0530                  0.4787                     0.5886                                      90
                                               0.90                0.9000   0.8258        0.4924    0.0606                  0.5594                     0.5164                                      73
                                               0.80                0.8000   0.8636        0.6212    0.0909                  0.6405                     0.4427                                      60
                                               0.70                0.7000   0.8636        0.6667    0.0985                  0.6813                     0.4061                                      54
CELL 16 completed in 0.0s
CELL 18 started
Saved results/14_entity_level_recall.json
CELL 18 completed in 0.0s
PASS 14_entity_level_recall.ipynb: 34.8s
