START 19_ablation_by_category.ipynb at 4fbf48766c7305fc9a4ad7d7654151c864be872f
No event loop hook running.
CELL 2 started
Code commit: 4fbf487
Platform: {'machine': 'x86_64', 'processor': 'x86_64', 'system': 'Linux', 'python': '3.12.14', 'cpu_count': 9, 'n_jobs': 4}
All features: 62 features
Without all provision-network families: 31 features
Without Gas provider: 51 features
Without Gas provision tree: 45 features
Without Provision chain: 59 features
CELL 2 completed in 27.4s
CELL 4 started
split 42 done (237s)
split 1 done (248s)
split 2 done (243s)
split 3 done (242s)
split 4 done (222s)
split 5 done (243s)
split 6 done (214s)
split 7 done (246s)
split 8 done (238s)
split 9 done (235s)
CELL 4 completed in 2368.8s
CELL 6 started
All features, overall test F1 vs 08: max |difference| 0.0000; identical: True
CELL 6 completed in 0.0s
CELL 8 started
n_test / n_train (unique rows) = 0.6122

=== All features − Without all provision-network families
         diff_mean                 diff_sd                 all_higher_n             p_corrected                
metric       auroc      f1  recall   auroc      f1  recall        auroc   f1 recall       auroc      f1  recall
category                                                                                                       
All         0.0002  0.0079  0.0220  0.0012  0.0076  0.0243          6.0  7.0    8.0      0.8857  0.2484  0.3115
IxL         0.0004  0.0027  0.0165  0.0005  0.0047  0.0230          8.0  8.0    7.0      0.3036  0.5072  0.4169
IxI         0.0008  0.1137  0.1049  0.0133  0.1124  0.0976          6.0  9.0    9.0      0.9473  0.2614  0.2347
IxE         0.0114 -0.0379 -0.0297  0.0075  0.0444  0.0314          9.0  3.0    1.0      0.1037  0.3382  0.2902

=== All features − Without Gas provider
         diff_mean                 diff_sd                 all_higher_n             p_corrected                
metric       auroc      f1  recall   auroc      f1  recall        auroc   f1 recall       auroc      f1  recall
category                                                                                                       
All         0.0008  0.0050  0.0104  0.0011  0.0059  0.0217          8.0  9.0    6.0      0.4186  0.3410  0.5827
IxL         0.0006  0.0027  0.0077  0.0004  0.0040  0.0187          9.0  8.0    6.0      0.1489  0.4461  0.6389
IxI        -0.0078  0.0520  0.0448  0.0069  0.0911  0.0776          0.0  7.0    7.0      0.2114  0.5160  0.5111
IxE         0.0089  0.0047  0.0027  0.0078  0.0187  0.0115          9.0  6.0    4.0      0.2087  0.7709  0.7902

=== All features − Without Gas provision tree
         diff_mean                 diff_sd                 all_higher_n             p_corrected                
metric       auroc      f1  recall   auroc      f1  recall        auroc   f1 recall       auroc      f1  recall
category                                                                                                       
All        -0.0002  0.0011  0.0089  0.0013  0.0051  0.0095          3.0  7.0    8.0      0.8653  0.8062  0.2987
IxL        -0.0000 -0.0009  0.0069  0.0002  0.0035  0.0112          5.0  5.0    8.0      0.9728  0.7694  0.4804
IxI         0.0107  0.0356  0.0372  0.0123  0.0989  0.0866          9.0  6.0    6.0      0.3313  0.6796  0.6226
IxE        -0.0000 -0.0081 -0.0057  0.0090  0.0386  0.0282          5.0  4.0    4.0      0.9953  0.8082  0.8155

=== All features − Without Provision chain
         diff_mean                 diff_sd                 all_higher_n             p_corrected                
metric       auroc      f1  recall   auroc      f1  recall        auroc   f1 recall       auroc      f1  recall
category                                                                                                       
All         0.0003  0.0017  0.0180  0.0008  0.0023  0.0186          6.0  8.0    9.0      0.6960  0.3907  0.2808
IxL         0.0000 -0.0006  0.0170  0.0003  0.0024  0.0163          3.0  4.0    9.0      0.9624  0.7609  0.2484
IxI         0.0017  0.0355  0.0325  0.0062  0.0668  0.0529          6.0  7.0    7.0      0.7569  0.5438  0.4861
IxE         0.0027  0.0107  0.0090  0.0046  0.0140  0.0110          6.0  7.0    8.0      0.4966  0.3896  0.3588
CELL 8 completed in 0.1s
CELL 10 started
                                                        f1          recall           auroc        
                                                      mean     std    mean     std    mean     std
config                                 category                                                   
All features                           All          0.7131  0.0060  0.7104  0.0223  0.9682  0.0018
                                       IxE          0.2420  0.0654  0.1479  0.0446  0.9099  0.0157
                                       IxI          0.4915  0.0872  0.3482  0.0779  0.9254  0.0103
                                       IxL          0.7395  0.0041  0.7712  0.0227  0.9752  0.0012
                                       No provider  0.7158  0.1279  0.6261  0.1483  0.9679  0.0279
Without Gas provider                   All          0.7081  0.0068  0.7000  0.0218  0.9674  0.0014
                                       IxE          0.2373  0.0678  0.1453  0.0463  0.9009  0.0156
                                       IxI          0.4396  0.1153  0.3034  0.1010  0.9333  0.0054
                                       IxL          0.7368  0.0050  0.7636  0.0181  0.9746  0.0011
                                       No provider  0.7340  0.1225  0.6597  0.1496  0.9641  0.0255
Without Gas provision tree             All          0.7120  0.0062  0.7015  0.0238  0.9684  0.0015
                                       IxE          0.2501  0.0583  0.1536  0.0392  0.9099  0.0206
                                       IxI          0.4559  0.0712  0.3110  0.0641  0.9148  0.0079
                                       IxL          0.7404  0.0056  0.7643  0.0243  0.9753  0.0012
                                       No provider  0.7227  0.1241  0.6372  0.1466  0.9702  0.0264
Without Provision chain                All          0.7113  0.0070  0.6924  0.0239  0.9679  0.0016
                                       IxE          0.2313  0.0589  0.1390  0.0389  0.9071  0.0168
                                       IxI          0.4560  0.1099  0.3157  0.0936  0.9238  0.0102
                                       IxL          0.7402  0.0049  0.7542  0.0223  0.9752  0.0011
                                       No provider  0.6879  0.1144  0.6161  0.1606  0.9689  0.0240
Without all provision-network families All          0.7052  0.0050  0.6884  0.0103  0.9680  0.0015
                                       IxE          0.2799  0.0635  0.1777  0.0453  0.8985  0.0163
                                       IxI          0.3778  0.0392  0.2433  0.0310  0.9247  0.0101
                                       IxL          0.7368  0.0054  0.7547  0.0132  0.9748  0.0010
                                       No provider  0.7909  0.0969  0.7483  0.1379  0.9700  0.0267
CELL 10 completed in 0.0s
CELL 12 started
Saved results/19_ablation_by_category.json
CELL 12 completed in 0.1s
PASS 19_ablation_by_category.ipynb: 2400.0s
