START 23_revision_figures.ipynb at fed2febf5d060383c575b0b56c84cf8dc6a6d3e3
No event loop hook running.
CELL 2 started
Code commit: fed2feb
                        notebook  commit  dependencies_unchanged
                03_xgboost_sybil f6caa9c                    True
               04_lightgbm_sybil e3cc058                    True
         06_cross_ensemble_sybil cb17cb9                    True
              09_shap_importance e5885b4                    True
             11_split_comparison 7f9e8fe                    True
16_label_robustness_initial_list 0e923a7                    True
             17_models_10_splits a578dd3                    True
               18_mimicry_stress 5da7f51                    True
            22_report_dependence 1f362bb                    True
CELL 2 completed in 0.1s
CELL 4 started
Saved rev_leakage_hierarchy
CELL 4 completed in 1.0s
CELL 6 started
Saved rev_report_dependence
CELL 6 completed in 0.4s
CELL 8 started
Saved rev_label_effects
CELL 8 completed in 0.4s
CELL 10 started
Saved rev_mimicry
"wallet-local + funding-graph" equals "wallet-local only" for k ≤ 10
CELL 10 completed in 0.2s
CELL 12 started
Saved rev_shap_by_category
CELL 12 completed in 0.4s
CELL 14 started
CELL 14 completed in 0.0s
CELL 15 started
--- rev_models_10split.tex
% Mean $\pm$ sample SD (ddof = 1) over 10 stratified group splits, one model seed each; p: corrected resampled t-test vs LightGBM (Nadeau and Bengio 2003), Holm-adjusted over the five comparisons per metric stored by 17 (four models vs LightGBM and XGBoost vs the weighted average).
% Generated by 23_revision_figures.ipynb at fed2feb from results/17_models_10_splits.json
\begin{tabular}{lrrrrrr}
\toprule
Model & Precision & Recall & F1 & AP & AUROC & $p$ (F1) \\
\midrule
LightGBM & 0.717 $\pm$ 0.022 & 0.710 $\pm$ 0.022 & 0.713 $\pm$ 0.006 & 0.761 $\pm$ 0.006 & 0.968 $\pm$ 0.002 & -- \\
XGBoost & 0.718 $\pm$ 0.012 & 0.696 $\pm$ 0.019 & 0.707 $\pm$ 0.008 & 0.753 $\pm$ 0.008 & 0.964 $\pm$ 0.002 & 0.457 \\
Random forest & 0.722 $\pm$ 0.019 & 0.684 $\pm$ 0.021 & 0.702 $\pm$ 0.006 & 0.754 $\pm$ 0.007 & 0.969 $\pm$ 0.001 & 0.320 \\
Logistic regression & 0.146 $\pm$ 0.004 & 0.582 $\pm$ 0.039 & 0.234 $\pm$ 0.004 & 0.160 $\pm$ 0.009 & 0.832 $\pm$ 0.003 & $<$0.001 \\
\bottomrule
\end{tabular}

CELL 15 completed in 0.0s
CELL 16 started
--- rev_ensemble_appendix.tex
% Appendix (tab:ens). 10 stratified group splits, one model seed each; mean $\pm$ SD; p: corrected resampled t-test, Holm-adjusted over the five comparisons per metric stored by 17.
% Generated by 23_revision_figures.ipynb at fed2feb from results/17_models_10_splits.json
\begin{tabular}{lrrr}
\toprule
 & F1 & AP & AUROC \\
\midrule
LightGBM mean & 0.713 $\pm$ 0.006 & 0.761 $\pm$ 0.006 & 0.968 $\pm$ 0.002 \\
Weighted average mean & 0.713 $\pm$ 0.008 & 0.761 $\pm$ 0.007 & 0.968 $\pm$ 0.002 \\
Average $-$ LightGBM & -0.0003 $\pm$ 0.0053 & +0.0003 $\pm$ 0.0020 & -0.0002 $\pm$ 0.0005 \\
\quad corrected $p$ (Holm) & 0.941 & 0.860 & 1.000 \\
\quad splits with average higher & 6/10 & 8/10 & 4/10 \\
XGBoost $-$ average & -0.0062 $\pm$ 0.0038 & -0.0081 $\pm$ 0.0028 & -0.0039 $\pm$ 0.0014 \\
\quad corrected $p$ (Holm)  & 0.320 & 0.028 & 0.030 \\
\bottomrule
\end{tabular}

{
 "split_weights": {
  "values": [
   0.6,
   0.1,
   0.2,
   0.52,
   0.14,
   0.24,
   0.76,
   0.6,
   0.2,
   0.02
  ],
  "min": 0.02,
  "max": 0.76,
  "mean": 0.33799999999999997,
  "source": "results/17_models_10_splits.json -> split_info.xgb_weight",
  "platform": "x86_64 / Linux"
 },
 "seed42_curve": {
  "selected_weight": 0.06,
  "val_f1_at_w0": 0.7076094276094276,
  "val_f1_at_selected": 0.7081822889694459,
  "val_f1_min_w_le_0_2": 0.706275720164609,
  "val_f1_max_w_le_0_2": 0.7081822889694459,
  "source": "results/06_cross_ensemble_sybil.json -> val_f1_by_weight (full precision)",
  "platform": "x86_64 / Linux"
 },
 "generated_by": "23_revision_figures.ipynb at fed2feb"
}
--- rev_report_dependence.tex
% Mean $\pm$ SD over 15 fold-repeats (5 folds x 3 repeats); same test rows (2.1% Sybil) and training size in both conditions; p: corrected repeated k-fold t-test, df = 14.
% Generated by 23_revision_figures.ipynb at fed2feb from results/22_report_dependence.json
\begin{tabular}{llrrrrr}
\toprule
Model & Metric & Held out & Seen & Seen $-$ held out & Seen higher & $p$ \\
\midrule
LightGBM & F1 & 0.369 $\pm$ 0.084 & 0.598 $\pm$ 0.024 & +0.229 $\pm$ 0.076 & 15/15 & $<$0.001 \\
 & AP & 0.305 $\pm$ 0.088 & 0.599 $\pm$ 0.033 & +0.294 $\pm$ 0.077 & 15/15 & $<$0.001 \\
 & AUROC & 0.891 $\pm$ 0.047 & 0.970 $\pm$ 0.006 & +0.079 $\pm$ 0.042 & 15/15 & 0.001 \\
\midrule
XGBoost & F1 & 0.363 $\pm$ 0.092 & 0.581 $\pm$ 0.033 & +0.218 $\pm$ 0.081 & 15/15 & $<$0.001 \\
 & AP & 0.305 $\pm$ 0.090 & 0.595 $\pm$ 0.036 & +0.290 $\pm$ 0.075 & 15/15 & $<$0.001 \\
 & AUROC & 0.888 $\pm$ 0.048 & 0.967 $\pm$ 0.009 & +0.080 $\pm$ 0.043 & 15/15 & 0.002 \\
\bottomrule
\end{tabular}

CELL 16 completed in 0.0s
CELL 17 started
--- rev_label_robustness.tex
% LightGBM, 3 model seeds, seed-42 tree split; thresholds from validation. Clean negatives: initial-list non-Sybils removed from training and validation.
% Generated by 23_revision_figures.ipynb at fed2feb from results/16_label_robustness_initial_list.json
\begin{tabular}{lrrr}
\toprule
\multicolumn{4}{l}{\emph{LayerZero initial list among the interactors}} \\
Initial-list addresses & \multicolumn{3}{r}{803,093} \\
Overlap with the bounty-accepted list & \multicolumn{3}{r}{0} \\
Interactors on the list (all labeled non-Sybil) & \multicolumn{3}{r}{34,545} \\
Share of the non-Sybil class & \multicolumn{3}{r}{8.3\%} \\
\midrule
\multicolumn{4}{l}{\emph{Test false positives at the validation threshold (0.600)}} \\
False positives & \multicolumn{3}{r}{1,461} \\
\quad of which on the initial list & \multicolumn{3}{r}{556 (38.1\%)} \\
Precision / if the list counted as Sybil & \multicolumn{3}{r}{0.727 / 0.831} \\
\midrule
\emph{Model, test set} & \emph{F1} & \emph{AP} & \emph{AUROC} \\
Baseline, full test & 0.719 & 0.770 & 0.968 \\
Baseline, without initial-list rows & 0.758 & 0.806 & 0.972 \\
Clean negatives, full test & 0.649 & 0.457 & 0.959 \\
Clean negatives, without initial-list rows & 0.787 & 0.831 & 0.974 \\
\midrule
Initial list relabeled Sybil (exploratory; prevalence 12.1\%) & 0.741 & 0.797 & 0.922 \\
\bottomrule
\end{tabular}

--- rev_operating_points.tex
% Test partition, baseline LightGBM (3 seeds). Precision-dagger: initial-list addresses counted as Sybil.
% Generated by 23_revision_figures.ipynb at fed2feb from results/16_label_robustness_initial_list.json
\begin{tabular}{lrrrrrr}
\toprule
Threshold & Flagged & TP & FP & FP on list & Precision & Precision$^\dagger$ \\
\midrule
0.950 & 2,996 & 2,622 & 374 & 64 & 0.875 & 0.897 \\
0.900 & 3,644 & 3,064 & 580 & 116 & 0.841 & 0.873 \\
0.850 & 4,071 & 3,338 & 733 & 165 & 0.820 & 0.860 \\
0.800 & 4,366 & 3,500 & 866 & 227 & 0.802 & 0.854 \\
0.750 & 4,650 & 3,635 & 1,015 & 310 & 0.782 & 0.848 \\
0.700 & 4,898 & 3,725 & 1,173 & 408 & 0.761 & 0.844 \\
0.600 (val.) & 5,346 & 3,885 & 1,461 & 556 & 0.727 & 0.831 \\
0.500 & 5,807 & 4,040 & 1,767 & 707 & 0.696 & 0.817 \\
\bottomrule
\end{tabular}

--- rev_mimicry.tex
% Recall of test Sybils at the fixed validation threshold after replacing the top-k features (by mean |SHAP|), mean $\pm$ SD over 5 repetitions; no-attack recall in the k = 1 column.
% Generated by 23_revision_figures.ipynb at fed2feb from results/18_mimicry_stress.json
\begin{tabular}{lrrrr}
\toprule
Attack, features & $k=1$ & $k=3$ & $k=5$ & $k=10$ \\
\midrule
No attack & 0.711 & -- & -- & -- \\
M1 marginal, all features & 0.410 $\pm$ 0.006 & 0.074 $\pm$ 0.002 & 0.012 $\pm$ 0.001 & 0.000 $\pm$ 0.000 \\
M2 profile copy, all features & 0.410 $\pm$ 0.006 & 0.114 $\pm$ 0.001 & 0.036 $\pm$ 0.003 & 0.005 $\pm$ 0.001 \\
M1 marginal, wallet-local only & 0.413 $\pm$ 0.003 & 0.113 $\pm$ 0.002 & 0.025 $\pm$ 0.002 & 0.003 $\pm$ 0.001 \\
M2 profile copy, wallet-local only & 0.413 $\pm$ 0.003 & 0.107 $\pm$ 0.003 & 0.043 $\pm$ 0.002 & 0.011 $\pm$ 0.001 \\
M1 marginal, wallet-local + funding-graph & 0.413 $\pm$ 0.003 & 0.113 $\pm$ 0.002 & 0.025 $\pm$ 0.002 & 0.003 $\pm$ 0.001 \\
M2 profile copy, wallet-local + funding-graph & 0.413 $\pm$ 0.003 & 0.107 $\pm$ 0.003 & 0.043 $\pm$ 0.002 & 0.011 $\pm$ 0.001 \\
\bottomrule
\end{tabular}

Out[10]: '% Recall of test Sybils at the fixed validation threshold after replacing the top-k features (by mean |SHAP|), mean $\\pm$ SD over 5 repetitions; no-attack recall in the k = 1 column.\n% Generated by 23_revision_figures.ipynb at fed2feb from results/18_mimicry_stress.json\n\\begin{tabular}{lrrrr}\n\\toprule\nAttack, features & $k=1$ & $k=3$ & $k=5$ & $k=10$ \\\\\n\\midrule\nNo attack & 0.711 & -- & -- & -- \\\\\nM1 marginal, all features & 0.410 $\\pm$ 0.006 & 0.074 $\\pm$ 0.002 & 0.012 $\\pm$ 0.001 & 0.000 $\\pm$ 0.000 \\\\\nM2 profile copy, all features & 0.410 $\\pm$ 0.006 & 0.114 $\\pm$ 0.001 & 0.036 $\\pm$ 0.003 & 0.005 $\\pm$ 0.001 \\\\\nM1 marginal, wallet-local only & 0.413 $\\pm$ 0.003 & 0.113 $\\pm$ 0.002 & 0.025 $\\pm$ 0.002 & 0.003 $\\pm$ 0.001 \\\\\nM2 profile copy, wallet-local only & 0.413 $\\pm$ 0.003 & 0.107 $\\pm$ 0.003 & 0.043 $\\pm$ 0.002 & 0.011 $\\pm$ 0.001 \\\\\nM1 marginal, wallet-local + funding-graph & 0.413 $\\pm$ 0.003 & 0.113 $\\pm$ 0.002 & 0.025 $\\pm$ 0.002 & 0.003 $\\pm$ 0.001 \\\\\nM2 profile copy, wallet-local + funding-graph & 0.413 $\\pm$ 0.003 & 0.107 $\\pm$ 0.003 & 0.043 $\\pm$ 0.002 & 0.011 $\\pm$ 0.001 \\\\\n\\bottomrule\n\\end{tabular}\n'
CELL 17 completed in 0.0s
CELL 19 started
pdflatex: all tables compile
Figures: ['rev_label_effects', 'rev_leakage_hierarchy', 'rev_mimicry', 'rev_report_dependence', 'rev_shap_by_category']
Tables: ['rev_ensemble_appendix', 'rev_ensemble_weight_stats', 'rev_label_robustness', 'rev_mimicry', 'rev_models_10split', 'rev_operating_points', 'rev_report_dependence']
CELL 19 completed in 0.2s
CELL 21 started
Saved results/23_revision_figures.json
CELL 21 completed in 0.0s
PASS 23_revision_figures.ipynb: 6.3s
