START 25_paper_tables.ipynb at 443f11b0bec2468fa086e57a6f8e7609e92b262f
No event loop hook running.
CELL 2 started
Code commit: 443f11b
                        notebook  commit  dependencies_unchanged
                00_data_pipeline a8f8d8e                    True
        02_hyperparameter_search 60838d8                    True
    07_sensitivity_label_vintage 5f70994                    True
            08_ablation_families 1c6f5ff                    True
             11_split_comparison 7f9e8fe                    True
          13_random_forest_sybil 3d1774c                    True
          14_entity_level_recall 81edf15                    True
            15_split_tree_report 8e6a32e                    True
16_label_robustness_initial_list 0e923a7                    True
             17_models_10_splits a578dd3                    True
         19_ablation_by_category 4fbf487                    True
             20_temporal_holdout e0c0016                    True
            22_report_dependence 1f362bb                    True
                03_xgboost_sybil f6caa9c                    True
               04_lightgbm_sybil e3cc058                    True
         06_cross_ensemble_sybil cb17cb9                    True
CELL 2 completed in 0.2s
CELL 4 started
CELL 4 completed in 0.0s
CELL 6 started
            statistic   computed  expected
              reports 311.000000    311.00
            reporters 145.000000    145.00
  top10_reports_share   0.356158      0.36
top10_reporters_share   0.446049      0.45
Trees over 100 wallets: {'n_trees': 34, 'wallets': 9020, 'sybils': 97, 'wallet_share': 0.020745838182462176, 'sybil_share': 0.005326451046071056}
CELL 6 completed in 29.2s
CELL 8 started
--- rev_data_labels.tex
% The two LayerZero label sets among the 434,786 Ethereum interactors. Initial list: review_support/initial_list/.
% Generated by 25_paper_tables.ipynb at 443f11b from results/00_data_pipeline.json, results/16_label_robustness_initial_list.json, ./data/20240915_final_sybil_list/fcfs_list.csv
\begin{tabular}{lrr}
\toprule
 & Bounty list & Initial list \\
\midrule
Source and period & bounty reports accepted, flagged 2024-05-18 to 2024-05-30 & LayerZero, Nansen, Chaos Labs; published 18 May 2024 \\
Addresses in list (all chains) & 151,784 & 803,093 \\
Ethereum interactors in list & 18,211 (4.19\%) & 34,545 (7.95\%) \\
\quad IxL & 15,921 & 29,646 \\
\quad IxE & 698 & 2,669 \\
\quad IxI & 1,566 & 2,206 \\
\quad No provider & 26 & 24 \\
Overlap with the other list & 0 & 0 \\
Bounty reports / reporters & 311 / 145 & -- \\
Label in the standard setup & Sybil (positive) & non-Sybil (negative) \\
\bottomrule
\end{tabular}

Out[4]: '% The two LayerZero label sets among the 434,786 Ethereum interactors. Initial list: review_support/initial_list/.\n% Generated by 25_paper_tables.ipynb at 443f11b from results/00_data_pipeline.json, results/16_label_robustness_initial_list.json, ./data/20240915_final_sybil_list/fcfs_list.csv\n\\begin{tabular}{lrr}\n\\toprule\n & Bounty list & Initial list \\\\\n\\midrule\nSource and period & bounty reports accepted, flagged 2024-05-18 to 2024-05-30 & LayerZero, Nansen, Chaos Labs; published 18 May 2024 \\\\\nAddresses in list (all chains) & 151,784 & 803,093 \\\\\nEthereum interactors in list & 18,211 (4.19\\%) & 34,545 (7.95\\%) \\\\\n\\quad IxL & 15,921 & 29,646 \\\\\n\\quad IxE & 698 & 2,669 \\\\\n\\quad IxI & 1,566 & 2,206 \\\\\n\\quad No provider & 26 & 24 \\\\\nOverlap with the other list & 0 & 0 \\\\\nBounty reports / reporters & 311 / 145 & -- \\\\\nLabel in the standard setup & Sybil (positive) & non-Sybil (negative) \\\\\n\\bottomrule\n\\end{tabular}\n'
CELL 8 completed in 0.0s
CELL 10 started
--- rev_taxonomy.tex
% Taxonomy of interactors by first funder: labeled (IxL), another interactor (IxI), an unlabeled non-interactor (IxE).
% Generated by 25_paper_tables.ipynb at 443f11b from results/00_data_pipeline.json
\begin{tabular}{lrrrr}
\toprule
Category & Addresses & Share & Sybils & Sybil rate \\
\midrule
IxL & 306,658 & 70.53\% & 15,921 & 5.19\% \\
IxE & 93,061 & 21.40\% & 698 & 0.75\% \\
IxI & 34,391 & 7.91\% & 1,566 & 4.55\% \\
No provider & 676 & 0.16\% & 26 & 3.85\% \\
\midrule
Total & 434,786 & 100.00\% & 18,211 & 4.19\% \\
\bottomrule
\end{tabular}

Out[5]: '% Taxonomy of interactors by first funder: labeled (IxL), another interactor (IxI), an unlabeled non-interactor (IxE).\n% Generated by 25_paper_tables.ipynb at 443f11b from results/00_data_pipeline.json\n\\begin{tabular}{lrrrr}\n\\toprule\nCategory & Addresses & Share & Sybils & Sybil rate \\\\\n\\midrule\nIxL & 306,658 & 70.53\\% & 15,921 & 5.19\\% \\\\\nIxE & 93,061 & 21.40\\% & 698 & 0.75\\% \\\\\nIxI & 34,391 & 7.91\\% & 1,566 & 4.55\\% \\\\\nNo provider & 676 & 0.16\\% & 26 & 3.85\\% \\\\\n\\midrule\nTotal & 434,786 & 100.00\\% & 18,211 & 4.19\\% \\\\\n\\bottomrule\n\\end{tabular}\n'
CELL 10 completed in 0.0s
CELL 12 started
--- rev_levels.tex
% Test Sybils sharing a gas provision tree or a bounty report with a training Sybil. Levels 1-2: seed-42 split (results/15); level 3: the paired design (results/22): held out, zero by construction (asserted there); seen, the share of test Sybils with a report-mate in training (mean over 15 fold-repeats).
% Generated by 25_paper_tables.ipynb at 443f11b from results/15_split_tree_report.json, results/22_report_dependence.json
\begin{tabular}{llrrr}
\toprule
Level & Unit kept whole & Test Sybils & Sharing a tree & Sharing a report \\
\midrule
1. Address split & address & 5,463 & 599 & 5,434 \\
2. Tree split & gas provision tree & 5,463 & 0 & 5,406 (10 splits: 5,402.5 $\pm$ 22.3) \\
3. Report-mates held out & tree and bounty report & 899--901 per fold & 0 & 0 \\
3. Report-mates seen & tree (report-mates in training) & 899--901 per fold & 0 & 98.7\% \\
\bottomrule
\end{tabular}

Out[6]: '% Test Sybils sharing a gas provision tree or a bounty report with a training Sybil. Levels 1-2: seed-42 split (results/15); level 3: the paired design (results/22): held out, zero by construction (asserted there); seen, the share of test Sybils with a report-mate in training (mean over 15 fold-repeats).\n% Generated by 25_paper_tables.ipynb at 443f11b from results/15_split_tree_report.json, results/22_report_dependence.json\n\\begin{tabular}{llrrr}\n\\toprule\nLevel & Unit kept whole & Test Sybils & Sharing a tree & Sharing a report \\\\\n\\midrule\n1. Address split & address & 5,463 & 599 & 5,434 \\\\\n2. Tree split & gas provision tree & 5,463 & 0 & 5,406 (10 splits: 5,402.5 $\\pm$ 22.3) \\\\\n3. Report-mates held out & tree and bounty report & 899--901 per fold & 0 & 0 \\\\\n3. Report-mates seen & tree (report-mates in training) & 899--901 per fold & 0 & 98.7\\% \\\\\n\\bottomrule\n\\end{tabular}\n'
CELL 12 completed in 0.0s
CELL 14 started
--- rev_per_category.tex
% Mean $\pm$ sample SD over 10 stratified group splits (one model seed each), at each split's validation threshold. No provider has about 7 test Sybils per split; its estimates are unreliable.
% Generated by 25_paper_tables.ipynb at 443f11b from results/17_models_10_splits.json
\begin{tabular}{llrrrrr}
\toprule
Model & Category & Test Sybils & Precision & Recall & F1 & AUROC \\
\midrule
LightGBM & IxL & 4,774.6 & 0.711 $\pm$ 0.020 & 0.771 $\pm$ 0.023 & 0.740 $\pm$ 0.004 & 0.975 $\pm$ 0.001 \\
 & IxI & 469.2 & 0.886 $\pm$ 0.106 & 0.348 $\pm$ 0.078 & 0.492 $\pm$ 0.087 & 0.925 $\pm$ 0.010 \\
 & IxE & 211.9 & 0.689 $\pm$ 0.106 & 0.148 $\pm$ 0.045 & 0.242 $\pm$ 0.065 & 0.910 $\pm$ 0.016 \\
 & No provider & 7.3 & 0.870 $\pm$ 0.173 & 0.626 $\pm$ 0.148 & 0.716 $\pm$ 0.128 & 0.968 $\pm$ 0.028 \\
\midrule
XGBoost & IxL & 4,774.6 & 0.713 $\pm$ 0.013 & 0.764 $\pm$ 0.019 & 0.738 $\pm$ 0.004 & 0.974 $\pm$ 0.001 \\
 & IxI & 469.2 & 0.902 $\pm$ 0.053 & 0.254 $\pm$ 0.091 & 0.389 $\pm$ 0.113 & 0.914 $\pm$ 0.014 \\
 & IxE & 211.9 & 0.708 $\pm$ 0.094 & 0.140 $\pm$ 0.039 & 0.232 $\pm$ 0.058 & 0.885 $\pm$ 0.016 \\
 & No provider & 7.3 & 0.893 $\pm$ 0.142 & 0.626 $\pm$ 0.148 & 0.724 $\pm$ 0.117 & 0.969 $\pm$ 0.027 \\
\bottomrule
\end{tabular}

Sanity (LightGBM, 10-split means): IxL F1 0.740 ± 0.004, recall 0.771; IxI F1 0.492 ± 0.087, recall 0.348, precision 0.886; IxE F1 0.242 ± 0.065, recall 0.148, precision 0.689
XGBoost: IxL F1 0.738, recall 0.764; IxI F1 0.389, recall 0.254; IxE F1 0.232, recall 0.140
CELL 14 completed in 0.0s
CELL 16 started
--- rev_family_ablation.tex
% LightGBM (02 parameters), one model seed, 10 stratified group splits; mean $\pm$ SD; $\Delta$F1 against all features, paired by split.
% Generated by 25_paper_tables.ipynb at 443f11b from results/08_ablation_families.json
\begin{tabular}{lrrrrrr}
\toprule
Configuration & Features & Test F1 & $\Delta$F1 & Test AP & Test AUROC & F1 lower \\
\midrule
All features & 62 & 0.713 $\pm$ 0.006 & -- & 0.761 $\pm$ 0.006 & 0.968 $\pm$ 0.002 & -- \\
Without LayerZero transactions & 40 & 0.647 $\pm$ 0.005 & -0.066 $\pm$ 0.005 & 0.672 $\pm$ 0.008 & 0.937 $\pm$ 0.004 & 10/10 \\
Without Ethereum transactions & 53 & 0.701 $\pm$ 0.007 & -0.012 $\pm$ 0.006 & 0.742 $\pm$ 0.006 & 0.963 $\pm$ 0.002 & 10/10 \\
Without Gas provider & 51 & 0.708 $\pm$ 0.007 & -0.005 $\pm$ 0.006 & 0.758 $\pm$ 0.006 & 0.967 $\pm$ 0.001 & 9/10 \\
Without Gas provision tree & 45 & 0.712 $\pm$ 0.006 & -0.001 $\pm$ 0.005 & 0.762 $\pm$ 0.007 & 0.968 $\pm$ 0.002 & 7/10 \\
Without Provision chain & 59 & 0.711 $\pm$ 0.007 & -0.002 $\pm$ 0.002 & 0.761 $\pm$ 0.006 & 0.968 $\pm$ 0.002 & 8/10 \\
Without all provision-network families & 31 & 0.705 $\pm$ 0.005 & -0.008 $\pm$ 0.008 & 0.758 $\pm$ 0.006 & 0.968 $\pm$ 0.001 & 7/10 \\
\bottomrule
\end{tabular}

Out[8]: '% LightGBM (02 parameters), one model seed, 10 stratified group splits; mean $\\pm$ SD; $\\Delta$F1 against all features, paired by split.\n% Generated by 25_paper_tables.ipynb at 443f11b from results/08_ablation_families.json\n\\begin{tabular}{lrrrrrr}\n\\toprule\nConfiguration & Features & Test F1 & $\\Delta$F1 & Test AP & Test AUROC & F1 lower \\\\\n\\midrule\nAll features & 62 & 0.713 $\\pm$ 0.006 & -- & 0.761 $\\pm$ 0.006 & 0.968 $\\pm$ 0.002 & -- \\\\\nWithout LayerZero transactions & 40 & 0.647 $\\pm$ 0.005 & -0.066 $\\pm$ 0.005 & 0.672 $\\pm$ 0.008 & 0.937 $\\pm$ 0.004 & 10/10 \\\\\nWithout Ethereum transactions & 53 & 0.701 $\\pm$ 0.007 & -0.012 $\\pm$ 0.006 & 0.742 $\\pm$ 0.006 & 0.963 $\\pm$ 0.002 & 10/10 \\\\\nWithout Gas provider & 51 & 0.708 $\\pm$ 0.007 & -0.005 $\\pm$ 0.006 & 0.758 $\\pm$ 0.006 & 0.967 $\\pm$ 0.001 & 9/10 \\\\\nWithout Gas provision tree & 45 & 0.712 $\\pm$ 0.006 & -0.001 $\\pm$ 0.005 & 0.762 $\\pm$ 0.007 & 0.968 $\\pm$ 0.002 & 7/10 \\\\\nWithout Provision chain & 59 & 0.711 $\\pm$ 0.007 & -0.002 $\\pm$ 0.002 & 0.761 $\\pm$ 0.006 & 0.968 $\\pm$ 0.002 & 8/10 \\\\\nWithout all provision-network families & 31 & 0.705 $\\pm$ 0.005 & -0.008 $\\pm$ 0.008 & 0.758 $\\pm$ 0.006 & 0.968 $\\pm$ 0.001 & 7/10 \\\\\n\\bottomrule\n\\end{tabular}\n'
CELL 16 completed in 0.0s
CELL 18 started
--- rev_provision_ablation_by_category.tex
% Test F1, all features minus the configuration without the named features (LightGBM, one model seed, 10 splits), mean $\pm$ SD; then splits where the full model is higher and the corrected resampled t-test p-value as stored by 19.
% Generated by 25_paper_tables.ipynb at 443f11b from results/19_ablation_by_category.json
\begin{tabular}{lrrrr}
\toprule
Removed & All & IxL & IxI & IxE \\
\midrule
Without all provision-network families & +0.008 $\pm$ 0.008 & +0.003 $\pm$ 0.005 & +0.114 $\pm$ 0.112 & -0.038 $\pm$ 0.044 \\
\quad full model higher; $p$ & 7/10; 0.248 & 8/10; 0.507 & 9/10; 0.261 & 3/10; 0.338 \\
Without Gas provider & +0.005 $\pm$ 0.006 & +0.003 $\pm$ 0.004 & +0.052 $\pm$ 0.091 & +0.005 $\pm$ 0.019 \\
\quad full model higher; $p$ & 9/10; 0.341 & 8/10; 0.446 & 7/10; 0.516 & 6/10; 0.771 \\
Without Gas provision tree & +0.001 $\pm$ 0.005 & -0.001 $\pm$ 0.004 & +0.036 $\pm$ 0.099 & -0.008 $\pm$ 0.039 \\
\quad full model higher; $p$ & 7/10; 0.806 & 5/10; 0.769 & 6/10; 0.680 & 4/10; 0.808 \\
Without Provision chain & +0.002 $\pm$ 0.002 & -0.001 $\pm$ 0.002 & +0.036 $\pm$ 0.067 & +0.011 $\pm$ 0.014 \\
\quad full model higher; $p$ & 8/10; 0.391 & 4/10; 0.761 & 7/10; 0.544 & 7/10; 0.390 \\
\bottomrule
\end{tabular}

CELL 18 completed in 0.0s
CELL 20 started
--- rev_entity_level.tex
% LightGBM at the validation threshold, test partition (results/14). predictions_match_committed_results = True; platform x86_64 / Linux
% Generated by 25_paper_tables.ipynb at 443f11b from results/14_entity_level_recall.json
\begin{tabular}{lrrrrrrrr}
\toprule
Entity & Entities & Sybils & Any hit & Majority & Full & Recall & Unflagged ZRO & $\geq$50\% unflagged \\
\midrule
E1 gas provision tree & 4,907 & 5,463 & 0.755 & 0.755 & 0.753 & 0.711 & 0.380 & 0.246 \\
E2 bounty report & 239 & 5,463 & 0.695 & 0.540 & 0.155 & 0.711 & 0.380 & 0.506 \\
E2 bounty report (all Sybils in test) & 18 & 20 & 0.056 & 0.056 & 0.056 & 0.050 & 0.982 & 0.944 \\
E3 reporter & 132 & 5,463 & 0.864 & 0.674 & 0.114 & 0.711 & 0.380 & 0.394 \\
\midrule
\multicolumn{9}{l}{\emph{E1 gas provision tree, by test Sybils per tree}} \\
\quad 1 & 4,811 & 4,811 & -- & -- & -- & 0.763 & -- & -- \\
\quad 2--5 & 69 & 193 & -- & -- & -- & 0.373 & -- & -- \\
\quad 6--20 & 22 & 239 & -- & -- & -- & 0.075 & -- & -- \\
\quad 21--100 & 5 & 220 & -- & -- & -- & 0.564 & -- & -- \\
\bottomrule
\end{tabular}

Out[10]: '% LightGBM at the validation threshold, test partition (results/14). predictions_match_committed_results = True; platform x86_64 / Linux\n% Generated by 25_paper_tables.ipynb at 443f11b from results/14_entity_level_recall.json\n\\begin{tabular}{lrrrrrrrr}\n\\toprule\nEntity & Entities & Sybils & Any hit & Majority & Full & Recall & Unflagged ZRO & $\\geq$50\\% unflagged \\\\\n\\midrule\nE1 gas provision tree & 4,907 & 5,463 & 0.755 & 0.755 & 0.753 & 0.711 & 0.380 & 0.246 \\\\\nE2 bounty report & 239 & 5,463 & 0.695 & 0.540 & 0.155 & 0.711 & 0.380 & 0.506 \\\\\nE2 bounty report (all Sybils in test) & 18 & 20 & 0.056 & 0.056 & 0.056 & 0.050 & 0.982 & 0.944 \\\\\nE3 reporter & 132 & 5,463 & 0.864 & 0.674 & 0.114 & 0.711 & 0.380 & 0.394 \\\\\n\\midrule\n\\multicolumn{9}{l}{\\emph{E1 gas provision tree, by test Sybils per tree}} \\\\\n\\quad 1 & 4,811 & 4,811 & -- & -- & -- & 0.763 & -- & -- \\\\\n\\quad 2--5 & 69 & 193 & -- & -- & -- & 0.373 & -- & -- \\\\\n\\quad 6--20 & 22 & 239 & -- & -- & -- & 0.075 & -- & -- \\\\\n\\quad 21--100 & 5 & 220 & -- & -- & -- & 0.564 & -- & -- \\\\\n\\bottomrule\n\\end{tabular}\n'
CELL 20 completed in 0.0s
CELL 22 started
--- rev_temporal_holdout.tex
% Temporal model: trained on the early cohort (70/30 group split), tested on the late cohort. Same-cohort reference: the seed-42 tree-split model on its test rows in the same late cohort (seed-42 tree split, 3 seeds, trained in this notebook).
% Generated by 25_paper_tables.ipynb at 443f11b from results/20_temporal_holdout.json
\begin{tabular}{lllrrrrrrrrr}
\toprule
 & & & & \multicolumn{4}{c}{Temporal model} & \multicolumn{4}{c}{Same-cohort reference} \\
\cmidrule(lr){5-8} \cmidrule(lr){9-12}
Late & From & Sybil early & Sybil late & F1 & Recall & AP & AUROC & F1 & Recall & AP & AUROC \\
\midrule
20\% & 2023-12-17 & 5.16\% & 0.29\% & 0.008 & 0.004 & 0.060 & 0.729 & 0.483 & 0.328 & 0.446 & 0.935 \\
30\% & 2023-08-20 & 5.55\% & 1.02\% & 0.169 & 0.094 & 0.276 & 0.887 & 0.738 & 0.695 & 0.774 & 0.978 \\
40\% & 2023-06-27 & 5.11\% & 2.80\% & 0.213 & 0.142 & 0.231 & 0.894 & 0.727 & 0.765 & 0.807 & 0.983 \\
\bottomrule
\end{tabular}

Out[11]: '% Temporal model: trained on the early cohort (70/30 group split), tested on the late cohort. Same-cohort reference: the seed-42 tree-split model on its test rows in the same late cohort (seed-42 tree split, 3 seeds, trained in this notebook).\n% Generated by 25_paper_tables.ipynb at 443f11b from results/20_temporal_holdout.json\n\\begin{tabular}{lllrrrrrrrrr}\n\\toprule\n & & & & \\multicolumn{4}{c}{Temporal model} & \\multicolumn{4}{c}{Same-cohort reference} \\\\\n\\cmidrule(lr){5-8} \\cmidrule(lr){9-12}\nLate & From & Sybil early & Sybil late & F1 & Recall & AP & AUROC & F1 & Recall & AP & AUROC \\\\\n\\midrule\n20\\% & 2023-12-17 & 5.16\\% & 0.29\\% & 0.008 & 0.004 & 0.060 & 0.729 & 0.483 & 0.328 & 0.446 & 0.935 \\\\\n30\\% & 2023-08-20 & 5.55\\% & 1.02\\% & 0.169 & 0.094 & 0.276 & 0.887 & 0.738 & 0.695 & 0.774 & 0.978 \\\\\n40\\% & 2023-06-27 & 5.11\\% & 2.80\\% & 0.213 & 0.142 & 0.231 & 0.894 & 0.727 & 0.765 & 0.807 & 0.983 \\\\\n\\bottomrule\n\\end{tabular}\n'
CELL 22 completed in 0.0s
CELL 24 started
--- rev_union_split_appendix.tex
% Superseded by the paired design (notebook 22): training diversity collapses. Union split = gas provision tree joined with bounty report; large comps = components over 5% of Sybils.
% Generated by 25_paper_tables.ipynb at 443f11b from results/15_split_tree_report.json
\begin{tabular}{llrrrr}
\toprule
Split & Partition & Rows & Sybils & In large comps & Reports \\
\midrule
tree & Train & 213,046 & 8,924 & 4,478 & 271 \\
tree & Validation & 91,305 & 3,824 & 1,968 & 229 \\
tree & Test & 130,435 & 5,463 & 2,768 & 239 \\
union & Train & 213,046 & 8,924 & 8,260 & 146 \\
union & Validation & 91,305 & 3,824 & 954 & 66 \\
union & Test & 130,435 & 5,463 & 0 & 99 \\
\midrule
\emph{Union split, test} & \emph{Model} & \emph{F1} & \emph{AP} & \multicolumn{2}{r}{\emph{AUROC}} \\
seed 42 (3 seeds) & XGBoost & 0.266 & 0.220 & \multicolumn{2}{r}{0.818} \\
seed 42 (3 seeds) & LightGBM & 0.283 & 0.225 & \multicolumn{2}{r}{0.811} \\
10 splits (1 seed) & LightGBM & 0.257 $\pm$ 0.016 & 0.197 $\pm$ 0.017 & \multicolumn{2}{r}{0.771 $\pm$ 0.021} \\
10 splits, tree split & LightGBM & 0.713 $\pm$ 0.006 & 0.761 $\pm$ 0.006 & \multicolumn{2}{r}{0.968 $\pm$ 0.002} \\
\bottomrule
\end{tabular}

Out[12]: '% Superseded by the paired design (notebook 22): training diversity collapses. Union split = gas provision tree joined with bounty report; large comps = components over 5% of Sybils.\n% Generated by 25_paper_tables.ipynb at 443f11b from results/15_split_tree_report.json\n\\begin{tabular}{llrrrr}\n\\toprule\nSplit & Partition & Rows & Sybils & In large comps & Reports \\\\\n\\midrule\ntree & Train & 213,046 & 8,924 & 4,478 & 271 \\\\\ntree & Validation & 91,305 & 3,824 & 1,968 & 229 \\\\\ntree & Test & 130,435 & 5,463 & 2,768 & 239 \\\\\nunion & Train & 213,046 & 8,924 & 8,260 & 146 \\\\\nunion & Validation & 91,305 & 3,824 & 954 & 66 \\\\\nunion & Test & 130,435 & 5,463 & 0 & 99 \\\\\n\\midrule\n\\emph{Union split, test} & \\emph{Model} & \\emph{F1} & \\emph{AP} & \\multicolumn{2}{r}{\\emph{AUROC}} \\\\\nseed 42 (3 seeds) & XGBoost & 0.266 & 0.220 & \\multicolumn{2}{r}{0.818} \\\\\nseed 42 (3 seeds) & LightGBM & 0.283 & 0.225 & \\multicolumn{2}{r}{0.811} \\\\\n10 splits (1 seed) & LightGBM & 0.257 $\\pm$ 0.016 & 0.197 $\\pm$ 0.017 & \\multicolumn{2}{r}{0.771 $\\pm$ 0.021} \\\\\n10 splits, tree split & LightGBM & 0.713 $\\pm$ 0.006 & 0.761 $\\pm$ 0.006 & \\multicolumn{2}{r}{0.968 $\\pm$ 0.002} \\\\\n\\bottomrule\n\\end{tabular}\n'
CELL 24 completed in 0.0s
CELL 26 started
--- rev_search_top.tex
% Validation-only searches: top 8 configurations by validation F1 (ties by AP), the library default where in the grid, and the selected configuration (*). Full grids: the CSV files.
% Generated by 25_paper_tables.ipynb at 443f11b from results/02_hyperparameter_search.json, results/13_random_forest_sybil.json, results/02_search_xgboost.csv, results/02_search_lightgbm.csv, results/13_search_random_forest.csv
\begin{tabular}{rlrrr}
\toprule
Rank & Configuration & Val. F1 & Val. AP & Rounds \\
\midrule
\multicolumn{5}{l}{\emph{XGBoost} (74 configurations)} \\
1 & lr 0.05, depth 8, sub 0.7, col 1.0, mcw 1 * & 0.7032 & 0.7552 & 1,679 \\
2 & lr 0.05, depth 10, sub 0.5, col 1.0, mcw 1 & 0.7025 & 0.7527 & 906 \\
3 & lr 0.05, depth 12, sub 0.5, col 0.8, mcw 1 & 0.7019 & 0.7543 & 547 \\
4 & lr 0.05, depth 8, sub 0.7, col 1.0, mcw 10 & 0.7016 & 0.7518 & 2,536 \\
5 & lr 0.1, depth 12, sub 0.7, col 0.8, mcw 1 & 0.7012 & 0.7525 & 297 \\
6 & lr 0.1, depth 10, sub 0.7, col 0.8, mcw 1 & 0.7012 & 0.7531 & 481 \\
7 & lr 0.05, depth 8, sub 0.7, col 1.0, mcw 5 & 0.7010 & 0.7541 & 1,927 \\
8 & lr 0.1, depth 8, sub 0.7, col 1.0, mcw 1 & 0.7010 & 0.7514 & 855 \\
60 & lr 0.3, depth 6, sub 1.0, col 1.0, mcw 1 (default) & 0.6907 & 0.7422 & 671 \\
\midrule
\multicolumn{5}{l}{\emph{LightGBM} (48 configurations)} \\
1 & leaves 127, lr 0.05, sub 0.7, $\lambda$ 1.0 * & 0.7067 & 0.7600 & 1,277 \\
2 & leaves 511, lr 0.05, sub 0.7, $\lambda$ 0.0 & 0.7061 & 0.7543 & 270 \\
3 & leaves 255, lr 0.05, sub 0.7, $\lambda$ 1.0 & 0.7047 & 0.7587 & 592 \\
4 & leaves 1023, lr 0.05, sub 0.7, $\lambda$ 1.0 & 0.7039 & 0.7590 & 164 \\
5 & leaves 31, lr 0.05, sub 0.7, $\lambda$ 1.0 & 0.7038 & 0.7558 & 4,749 \\
6 & leaves 31, lr 0.05, sub 0.7, $\lambda$ 0.0 & 0.7036 & 0.7516 & 4,321 \\
7 & leaves 511, lr 0.1, sub 0.7, $\lambda$ 1.0 & 0.7033 & 0.7535 & 156 \\
8 & leaves 511, lr 0.05, sub 0.7, $\lambda$ 1.0 & 0.7025 & 0.7599 & 323 \\
48 & leaves 31, lr 0.1, sub 1.0, $\lambda$ 0.0 (default) & 0.6871 & 0.7376 & 2,059 \\
\midrule
\multicolumn{5}{l}{\emph{Random Forest} (24 configurations)} \\
1 & mf 0.3, leaf 1, depth None * & 0.7028 & 0.7515 & -- \\
2 & mf 0.5, leaf 1, depth None & 0.7021 & 0.7484 & -- \\
3 & mf 0.7, leaf 1, depth None & 0.7000 & 0.7423 & -- \\
4 & mf sqrt, leaf 1, depth None & 0.6990 & 0.7469 & -- \\
5 & mf 0.5, leaf 5, depth None & 0.6979 & 0.7424 & -- \\
6 & mf 0.7, leaf 5, depth None & 0.6976 & 0.7393 & -- \\
7 & mf 0.3, leaf 5, depth None & 0.6954 & 0.7426 & -- \\
8 & mf 0.5, leaf 20, depth None & 0.6815 & 0.7234 & -- \\
\bottomrule
\end{tabular}

{'XGBoost': {'configs': 74, 'selected_rank': 1, 'default_rank': 60}, 'LightGBM': {'configs': 48, 'selected_rank': 1, 'default_rank': 48}, 'Random Forest': {'configs': 24, 'selected_rank': 1, 'default_rank': None}}
CELL 26 completed in 0.0s
CELL 28 started
207 named numbers; missing: []
CELL 28 completed in 0.0s
CELL 30 started
pdflatex: all tables compile
Tables: ['rev_data_labels', 'rev_entity_level', 'rev_family_ablation', 'rev_levels', 'rev_per_category', 'rev_provision_ablation_by_category', 'rev_search_top', 'rev_taxonomy', 'rev_temporal_holdout', 'rev_text_numbers', 'rev_union_split_appendix']
CELL 30 completed in 0.1s
CELL 32 started
Saved results/25_paper_tables.json
CELL 32 completed in 0.0s
PASS 25_paper_tables.ipynb: 33.0s
