START 99_tie_out_revision.ipynb at 67a14e035f72876d8c40bfff1432faaa3ff9683f
No event loop hook running.
CELL 1 started
Code commit: 67a14e0
Results found: ['13_random_forest_sybil', '14_entity_level_recall', '15_split_tree_report', '16_label_robustness_initial_list', '17_models_10_splits', '18_mimicry_stress', '19_ablation_by_category', '20_temporal_holdout', '22_report_dependence', '23_revision_figures', '24_mimicry_controls', '25_paper_tables']
CELL 1 completed in 0.0s
CELL 3 started
                        notebook  commit  dependencies_unchanged
          13_random_forest_sybil 3d1774c                    True
          14_entity_level_recall 81edf15                    True
            15_split_tree_report 8e6a32e                    True
16_label_robustness_initial_list 0e923a7                    True
             17_models_10_splits a578dd3                    True
               18_mimicry_stress 5da7f51                    True
         19_ablation_by_category 4fbf487                    True
             20_temporal_holdout e0c0016                    True
            22_report_dependence 1f362bb                    True
             23_revision_figures fed2feb                    True
             24_mimicry_controls 6feb694                    True
                 25_paper_tables 443f11b                    True
PASS  provenance 13_random_forest_sybil  (commit 3d1774c)
PASS  provenance 14_entity_level_recall  (commit 81edf15)
PASS  provenance 15_split_tree_report  (commit 8e6a32e)
PASS  provenance 16_label_robustness_initial_list  (commit 0e923a7)
PASS  provenance 17_models_10_splits  (commit a578dd3)
PASS  provenance 18_mimicry_stress  (commit 5da7f51)
PASS  provenance 19_ablation_by_category  (commit 4fbf487)
PASS  provenance 20_temporal_holdout  (commit e0c0016)
PASS  provenance 22_report_dependence  (commit 1f362bb)
PASS  provenance 23_revision_figures  (commit fed2feb)
PASS  provenance 24_mimicry_controls  (commit 6feb694)
PASS  provenance 25_paper_tables  (commit 443f11b)
PASS  13_random_forest_sybil -> 02_hyperparameter_search  (code of 02_hyperparameter_search unchanged since 3d1774c: True; 02_hyperparameter_search's own result traces to HEAD: True)
PASS  13_random_forest_sybil -> 08_ablation_families  (code of 08_ablation_families unchanged since 3d1774c: True; 08_ablation_families's own result traces to HEAD: True)
PASS  14_entity_level_recall -> 03_xgboost_sybil  (code of 03_xgboost_sybil unchanged since 81edf15: True; 03_xgboost_sybil's own result traces to HEAD: True)
PASS  14_entity_level_recall -> 04_lightgbm_sybil  (code of 04_lightgbm_sybil unchanged since 81edf15: True; 04_lightgbm_sybil's own result traces to HEAD: True)
PASS  14_entity_level_recall -> 06_cross_ensemble_sybil  (code of 06_cross_ensemble_sybil unchanged since 81edf15: True; 06_cross_ensemble_sybil's own result traces to HEAD: True)
PASS  15_split_tree_report -> 02_hyperparameter_search  (code of 02_hyperparameter_search unchanged since 8e6a32e: True; 02_hyperparameter_search's own result traces to HEAD: True)
PASS  15_split_tree_report -> 03_xgboost_sybil  (code of 03_xgboost_sybil unchanged since 8e6a32e: True; 03_xgboost_sybil's own result traces to HEAD: True)
PASS  15_split_tree_report -> 04_lightgbm_sybil  (code of 04_lightgbm_sybil unchanged since 8e6a32e: True; 04_lightgbm_sybil's own result traces to HEAD: True)
PASS  15_split_tree_report -> 08_ablation_families  (code of 08_ablation_families unchanged since 8e6a32e: True; 08_ablation_families's own result traces to HEAD: True)
PASS  16_label_robustness_initial_list -> 02_hyperparameter_search  (code of 02_hyperparameter_search unchanged since 0e923a7: True; 02_hyperparameter_search's own result traces to HEAD: True)
PASS  17_models_10_splits -> 02_hyperparameter_search  (code of 02_hyperparameter_search unchanged since a578dd3: True; 02_hyperparameter_search's own result traces to HEAD: True)
PASS  17_models_10_splits -> 08_ablation_families  (code of 08_ablation_families unchanged since a578dd3: True; 08_ablation_families's own result traces to HEAD: True)
PASS  17_models_10_splits -> 13_random_forest_sybil  (code of 13_random_forest_sybil unchanged since a578dd3: True; 13_random_forest_sybil's own result traces to HEAD: True)
PASS  18_mimicry_stress -> 02_hyperparameter_search  (code of 02_hyperparameter_search unchanged since 5da7f51: True; 02_hyperparameter_search's own result traces to HEAD: True)
PASS  18_mimicry_stress -> 09_shap_importance  (code of 09_shap_importance unchanged since 5da7f51: True; 09_shap_importance's own result traces to HEAD: True)
PASS  19_ablation_by_category -> 02_hyperparameter_search  (code of 02_hyperparameter_search unchanged since 4fbf487: True; 02_hyperparameter_search's own result traces to HEAD: True)
PASS  19_ablation_by_category -> 08_ablation_families  (code of 08_ablation_families unchanged since 4fbf487: True; 08_ablation_families's own result traces to HEAD: True)
PASS  20_temporal_holdout -> 02_hyperparameter_search  (code of 02_hyperparameter_search unchanged since e0c0016: True; 02_hyperparameter_search's own result traces to HEAD: True)
PASS  22_report_dependence -> 02_hyperparameter_search  (code of 02_hyperparameter_search unchanged since 1f362bb: True; 02_hyperparameter_search's own result traces to HEAD: True)
PASS  22_report_dependence -> 15_split_tree_report  (code of 15_split_tree_report unchanged since 1f362bb: True; 15_split_tree_report's own result traces to HEAD: True)
PASS  23_revision_figures -> 03_xgboost_sybil  (code of 03_xgboost_sybil unchanged since fed2feb: True; 03_xgboost_sybil's own result traces to HEAD: True)
PASS  23_revision_figures -> 04_lightgbm_sybil  (code of 04_lightgbm_sybil unchanged since fed2feb: True; 04_lightgbm_sybil's own result traces to HEAD: True)
PASS  23_revision_figures -> 09_shap_importance  (code of 09_shap_importance unchanged since fed2feb: True; 09_shap_importance's own result traces to HEAD: True)
PASS  23_revision_figures -> 11_split_comparison  (code of 11_split_comparison unchanged since fed2feb: True; 11_split_comparison's own result traces to HEAD: True)
PASS  23_revision_figures -> 16_label_robustness_initial_list  (code of 16_label_robustness_initial_list unchanged since fed2feb: True; 16_label_robustness_initial_list's own result traces to HEAD: True)
PASS  23_revision_figures -> 17_models_10_splits  (code of 17_models_10_splits unchanged since fed2feb: True; 17_models_10_splits's own result traces to HEAD: True)
PASS  23_revision_figures -> 18_mimicry_stress  (code of 18_mimicry_stress unchanged since fed2feb: True; 18_mimicry_stress's own result traces to HEAD: True)
PASS  23_revision_figures -> 22_report_dependence  (code of 22_report_dependence unchanged since fed2feb: True; 22_report_dependence's own result traces to HEAD: True)
PASS  24_mimicry_controls -> 02_hyperparameter_search  (code of 02_hyperparameter_search unchanged since 6feb694: True; 02_hyperparameter_search's own result traces to HEAD: True)
PASS  24_mimicry_controls -> 09_shap_importance  (code of 09_shap_importance unchanged since 6feb694: True; 09_shap_importance's own result traces to HEAD: True)
PASS  24_mimicry_controls -> 18_mimicry_stress  (code of 18_mimicry_stress unchanged since 6feb694: True; 18_mimicry_stress's own result traces to HEAD: True)
PASS  25_paper_tables -> 00_data_pipeline  (code of 00_data_pipeline unchanged since 443f11b: True; 00_data_pipeline's own result traces to HEAD: True)
PASS  25_paper_tables -> 02_hyperparameter_search  (code of 02_hyperparameter_search unchanged since 443f11b: True; 02_hyperparameter_search's own result traces to HEAD: True)
PASS  25_paper_tables -> 07_sensitivity_label_vintage  (code of 07_sensitivity_label_vintage unchanged since 443f11b: True; 07_sensitivity_label_vintage's own result traces to HEAD: True)
PASS  25_paper_tables -> 08_ablation_families  (code of 08_ablation_families unchanged since 443f11b: True; 08_ablation_families's own result traces to HEAD: True)
PASS  25_paper_tables -> 11_split_comparison  (code of 11_split_comparison unchanged since 443f11b: True; 11_split_comparison's own result traces to HEAD: True)
PASS  25_paper_tables -> 13_random_forest_sybil  (code of 13_random_forest_sybil unchanged since 443f11b: True; 13_random_forest_sybil's own result traces to HEAD: True)
PASS  25_paper_tables -> 14_entity_level_recall  (code of 14_entity_level_recall unchanged since 443f11b: True; 14_entity_level_recall's own result traces to HEAD: True)
PASS  25_paper_tables -> 15_split_tree_report  (code of 15_split_tree_report unchanged since 443f11b: True; 15_split_tree_report's own result traces to HEAD: True)
PASS  25_paper_tables -> 16_label_robustness_initial_list  (code of 16_label_robustness_initial_list unchanged since 443f11b: True; 16_label_robustness_initial_list's own result traces to HEAD: True)
PASS  25_paper_tables -> 17_models_10_splits  (code of 17_models_10_splits unchanged since 443f11b: True; 17_models_10_splits's own result traces to HEAD: True)
PASS  25_paper_tables -> 19_ablation_by_category  (code of 19_ablation_by_category unchanged since 443f11b: True; 19_ablation_by_category's own result traces to HEAD: True)
PASS  25_paper_tables -> 20_temporal_holdout  (code of 20_temporal_holdout unchanged since 443f11b: True; 20_temporal_holdout's own result traces to HEAD: True)
PASS  25_paper_tables -> 22_report_dependence  (code of 22_report_dependence unchanged since 443f11b: True; 22_report_dependence's own result traces to HEAD: True)
CELL 3 completed in 0.8s
CELL 5 started
PASS  13_random_forest_sybil LightGBM parameters = 02  ({'num_leaves': 127, 'learning_rate': 0.05, 'subsample': 0.7, 'reg_lambda': 1.0})
PASS  16_label_robustness_initial_list LightGBM parameters = 02  ({'num_leaves': 127, 'learning_rate': 0.05, 'subsample': 0.7, 'reg_lambda': 1.0})
PASS  18_mimicry_stress LightGBM parameters = 02  ({'num_leaves': 127, 'learning_rate': 0.05, 'subsample': 0.7, 'reg_lambda': 1.0})
PASS  19_ablation_by_category LightGBM parameters = 02  ({'num_leaves': 127, 'learning_rate': 0.05, 'subsample': 0.7, 'reg_lambda': 1.0})
PASS  20_temporal_holdout LightGBM parameters = 02  ({'num_leaves': 127, 'learning_rate': 0.05, 'subsample': 0.7, 'reg_lambda': 1.0})
PASS  17 XGBoost parameters = 02
PASS  17 LightGBM parameters = 02
PASS  17 Random Forest parameters = 13  ({'max_features': 0.3, 'min_samples_leaf': 1, 'max_depth': None, 'max_samples': None, 'n_estimators': 300, 'criterion': 'gini', 'bootstrap': True, 'n_jobs': 4})
PASS  25 text numbers: no missing names  (207 names; missing [])
PASS  24 LightGBM parameters = 02
PASS  24 reproduces 18 (baseline and recall regression checks)  (12 recall checks)
PASS  22 LightGBM parameters = 02
PASS  22 XGBoost parameters = 02
PASS  15 uses 02 (loaded at run time; no parameters stored)
CELL 5 completed in 0.0s
CELL 7 started
PASS  14 predictions reproduce the committed 03/04/06  (OK)
CELL 7 completed in 0.0s
CELL 9 started
PASS  13_random_forest_sybil records its platform
PASS  14_entity_level_recall records its platform
PASS  15_split_tree_report records its platform
PASS  16_label_robustness_initial_list records its platform
PASS  17_models_10_splits records its platform
PASS  18_mimicry_stress records its platform
PASS  19_ablation_by_category records its platform
PASS  20_temporal_holdout records its platform
PASS  22_report_dependence records its platform
PASS  23 records the platform of each source
PASS  24_mimicry_controls records its platform
PASS  25 records the platform of each source
                                 machine system                        processor   python cpu_count n_jobs
13_random_forest_sybil            x86_64  Linux  AMD EPYC 9V74 80-Core Processor  3.12.14         9      4
14_entity_level_recall            x86_64  Linux  AMD EPYC 9V74 80-Core Processor  3.12.14         9      4
15_split_tree_report              x86_64  Linux  AMD EPYC 9V74 80-Core Processor  3.12.14         9      4
16_label_robustness_initial_list  x86_64  Linux  AMD EPYC 9V74 80-Core Processor  3.12.14         9      4
17_models_10_splits               x86_64  Linux  AMD EPYC 9V74 80-Core Processor  3.12.14         9      4
18_mimicry_stress                 x86_64  Linux  AMD EPYC 9V74 80-Core Processor  3.12.14         9      4
19_ablation_by_category           x86_64  Linux  AMD EPYC 9V74 80-Core Processor  3.12.14         9      4
20_temporal_holdout               x86_64  Linux  AMD EPYC 9V74 80-Core Processor  3.12.14         9      4
22_report_dependence              x86_64  Linux  AMD EPYC 9V74 80-Core Processor  3.12.14         9      4
24_mimicry_controls               x86_64  Linux  AMD EPYC 9V74 80-Core Processor  3.12.14         9      4
PASS  all pipeline results record a platform
PASS  all pipeline results use one numerical platform
Platforms across the complete pipeline: 1
CELL 9 completed in 0.0s
CELL 11 started
=== Model table: 10 group splits, mean ± SD, p vs LightGBM (17)
[
 {
  "model": "Logistic regression",
  "F1": "0.2336 \u00b1 0.0041",
  "p F1": "8.71e-14",
  "AP": "0.1605 \u00b1 0.0088",
  "p AP": "8.55e-13",
  "AUROC": "0.8323 \u00b1 0.0030",
  "p AUROC": "9.43e-12"
 },
 {
  "model": "XGBoost",
  "F1": "0.7066 \u00b1 0.0076",
  "p F1": "0.457",
  "AP": "0.7529 \u00b1 0.0085",
  "p AP": "0.0834",
  "AUROC": "0.9641 \u00b1 0.0020",
  "p AUROC": "0.0302"
 },
 {
  "model": "LightGBM",
  "F1": "0.7131 \u00b1 0.0060",
  "p F1": "\u2014",
  "AP": "0.7607 \u00b1 0.0060",
  "p AP": "\u2014",
  "AUROC": "0.9682 \u00b1 0.0018",
  "p AUROC": "\u2014"
 },
 {
  "model": "Random Forest",
  "F1": "0.7022 \u00b1 0.0056",
  "p F1": "0.32",
  "AP": "0.7535 \u00b1 0.0073",
  "p AP": "0.0834",
  "AUROC": "0.9685 \u00b1 0.0015",
  "p AUROC": "1"
 },
 {
  "model": "Ensemble",
  "F1": "0.7128 \u00b1 0.0082",
  "p F1": "0.941",
  "AP": "0.7610 \u00b1 0.0070",
  "p AP": "0.86",
  "AUROC": "0.9680 \u00b1 0.0018",
  "p AUROC": "1"
 }
]

=== Random Forest (13)
{
 "selected": {
  "max_features": 0.3,
  "min_samples_leaf": 1,
  "max_depth": null,
  "max_samples": null,
  "n_estimators": 300,
  "criterion": "gini",
  "bootstrap": true,
  "n_jobs": 4
 },
 "test": {
  "name": "Random Forest (tuned, 3-seed)",
  "threshold": 0.3277777777777777,
  "precision": 0.7077592458303118,
  "recall": 0.7146256635548234,
  "f1": 0.7111758812277985,
  "auroc": 0.9706769652298142,
  "ap": 0.7678966456040959,
  "brier": 0.017627610135231626
 },
 "ten_splits": {
  "test_f1_mean": 0.7022008845509194,
  "test_f1_std": 0.005578580376245376,
  "lgbm_test_f1_mean": 0.7130925126561611,
  "lgbm_test_f1_std": 0.006012560529847479,
  "test_f1_minus_lgbm_mean": -0.010891628105241769,
  "test_f1_minus_lgbm_std": 0.006540133765842626,
  "test_f1_minus_lgbm08_mean": -0.010891628105241769,
  "test_f1_minus_lgbm08_std": 0.006540133765842626,
  "lgbm_test_f1_minus_lgbm08_mean": 0.0,
  "lgbm_test_f1_minus_lgbm08_std": 0.0,
  "test_f1_lower_than_lgbm_n": 9,
  "test_f1_lower_than_lgbm08_n": 9
 }
}

=== Entity-level recall (14)
[
 {
  "entity": "E1 gas provision tree",
  "model": "LightGBM",
  "entities": 4907,
  "any_hit": 0.755451395964948,
  "majority_hit": 0.7550438149582229,
  "full_hit": 0.7532097004279601,
  "residual_allocation_share": 0.37962621344262376,
  "entities_majority_allocation_unflagged": 1205
 },
 {
  "entity": "E1 gas provision tree",
  "model": "Ensemble",
  "entities": 4907,
  "any_hit": 0.785408599959242,
  "majority_hit": 0.7847972284491542,
  "full_hit": 0.7829631139188914,
  "residual_allocation_share": 0.3549314884964255,
  "entities_majority_allocation_unflagged": 1059
 },
 {
  "entity": "E2 bounty report",
  "model": "LightGBM",
  "entities": 239,
  "any_hit": 0.694560669456067,
  "majority_hit": 0.5397489539748954,
  "full_hit": 0.15481171548117154,
  "residual_allocation_share": 0.3796262134426237,
  "entities_majority_allocation_unflagged": 121
 },
 {
  "entity": "E2 bounty report",
  "model": "Ensemble",
  "entities": 239,
  "any_hit": 0.7112970711297071,
  "majority_hit": 0.5774058577405857,
  "full_hit": 0.16317991631799164,
  "residual_allocation_share": 0.3549314884964255,
  "entities_majority_allocation_unflagged": 111
 },
 {
  "entity": "E2 bounty report (all Sybils in test)",
  "model": "LightGBM",
  "entities": 18,
  "any_hit": 0.05555555555555555,
  "majority_hit": 0.05555555555555555,
  "full_hit": 0.05555555555555555,
  "residual_allocation_share": 0.9818265318456822,
  "entities_majority_allocation_unflagged": 17
 },
 {
  "entity": "E2 bounty report (all Sybils in test)",
  "model": "Ensemble",
  "entities": 18,
  "any_hit": 0.05555555555555555,
  "majority_hit": 0.05555555555555555,
  "full_hit": 0.05555555555555555,
  "residual_allocation_share": 0.9818265318456822,
  "entities_majority_allocation_unflagged": 17
 },
 {
  "entity": "E3 reporter",
  "model": "LightGBM",
  "entities": 132,
  "any_hit": 0.8636363636363636,
  "majority_hit": 0.6742424242424242,
  "full_hit": 0.11363636363636363,
  "residual_allocation_share": 0.37962621344262376,
  "entities_majority_allocation_unflagged": 52
 },
 {
  "entity": "E3 reporter",
  "model": "Ensemble",
  "entities": 132,
  "any_hit": 0.8787878787878788,
  "majority_hit": 0.7272727272727273,
  "full_hit": 0.12121212121212122,
  "residual_allocation_share": 0.3549314884964254,
  "entities_majority_allocation_unflagged": 45
 }
]

=== Report-level dependence (15)
{
 "status": "ok_with_warning",
 "failed_conditions": [],
 "warnings": [
  "max component Sybil share <= 5%"
 ],
 "report_overlap_random_seed42": 5434,
 "report_overlap_tree_seed42": 5406,
 "report_overlap_tree_10seeds_mean": 5402.5,
 "report_overlap_tree_10seeds_sd": 22.33706436496176,
 "test_sybils": 5463,
 "max_component_sybil_share": 0.45357201691285487,
 "reporter_variant_passed": false,
 "reporter_variant_max_component_sybil_share": 0.553017407061666,
 "union_test_f1_mean": 0.2571772821826938,
 "union_test_f1_sd": 0.015969325087856694,
 "tree_test_f1_mean": 0.7130925126561611,
 "tree_test_f1_sd": 0.006012560529847479,
 "delta_vs_08_all_features_other_machine": -0.45591523047346744,
 "sd_08": 0.006012560529847454,
 "delta_test_f1_mean": -0.4559152304734674,
 "delta_test_f1_std": 0.017365287969359065,
 "delta_test_ap_mean": -0.5634927954750356,
 "delta_test_ap_std": 0.01676134748393594,
 "delta_test_f1_IxI_mean": -0.4665943468748771,
 "delta_test_f1_IxI_std": 0.08476214314562217,
 "delta_test_f1_IxL_mean": -0.47346938922503634,
 "delta_test_f1_IxL_std": 0.018249230836398993,
 "delta_test_f1_IxE_mean": -0.18638905055379076,
 "delta_test_f1_IxE_std": 0.06870186022897957,
 "delta_outBIG_f1_mean": -0.37040651782774997,
 "delta_outBIG_f1_std": 0.019995503700317028,
 "delta_outBIG_ap_mean": -0.44773341145223383,
 "delta_outBIG_ap_std": 0.01573023042910113
}

=== Initial-list robustness (16)
{
 "counts": {
  "list_size": 803093,
  "overlap_with_fcfs_list": 0,
  "interactors": 434786,
  "interactors_on_list": 34545,
  "on_list_and_sybil": 0,
  "negatives": 416575,
  "negatives_on_list": 34545,
  "share_of_negatives": 0.0829262437736302
 },
 "fp_at_validation_threshold": [
  {
   "threshold": 0.6001,
   "note": "validation threshold",
   "flagged": 5346,
   "tp": 3885,
   "fp": 1461,
   "fp_on_initial_list": 556,
   "fp_not_on_list": 905,
   "fp_share_on_list": 0.3805612594113621,
   "precision": 0.7267115600448933,
   "precision_if_list_counted_sybil": 0.8307145529367752
  }
 ],
 "table_2x2": [
  {
   "model": "Baseline",
   "test_set": "full test",
   "n": 130435,
   "sybils": 5463,
   "threshold": 0.6000858349504762,
   "precision": 0.7267115600448933,
   "recall": 0.7111477210323998,
   "f1": 0.7188454066056065,
   "auroc": 0.9682758108601609,
   "ap": 0.7695927941671368,
   "flagged": 5346
  },
  {
   "model": "Baseline",
   "test_set": "test without initial-list rows",
   "n": 120120,
   "sybils": 5463,
   "threshold": 0.6000858349504762,
   "precision": 0.8110647181628392,
   "recall": 0.7111477210323998,
   "f1": 0.7578269774700088,
   "auroc": 0.9720630183005974,
   "ap": 0.8060166344947022,
   "flagged": 4790
  },
  {
   "model": "Variant A (clean negatives)",
   "test_set": "full test",
   "n": 130435,
   "sybils": 5463,
   "threshold": 0.5522032618983435,
   "precision": 0.5559623430962343,
   "recall": 0.7783269265971078,
   "f1": 0.6486156662344597,
   "auroc": 0.9594104100369187,
   "ap": 0.45698315108659276,
   "flagged": 7648
  },
  {
   "model": "Variant A (clean negatives)",
   "test_set": "test without initial-list rows",
   "n": 120120,
   "sybils": 5463,
   "threshold": 0.5522032618983435,
   "precision": 0.7959565705728192,
   "recall": 0.7783269265971078,
   "f1": 0.787043035631652,
   "auroc": 0.9738834819751472,
   "ap": 0.8309832480825501,
   "flagged": 5342
  }
 ],
 "variant_B": {
  "prevalence_all": 0.12133785356474219,
  "prevalence_test": 0.1209644650592249,
  "test_positives": 15778,
  "threshold": 0.48347721253183856,
  "precision": 0.7982289227166276,
  "recall": 0.6912789960704779,
  "f1": 0.7409143400584199,
  "auroc": 0.9222042664514776,
  "ap": 0.7968724839510721,
  "recall_on_fcfs_sybils": 0.8004759289767527,
  "recall_on_initial_list": 0.6334464372273388
 },
 "ten_splits": {
  "delta_full_precision_mean": -0.16560301200946495,
  "delta_full_precision_std": 0.02612789566570216,
  "delta_full_recall_mean": 0.06472634083836719,
  "delta_full_recall_std": 0.021070804073286858,
  "delta_full_f1_mean": -0.06880137303186792,
  "delta_full_f1_std": 0.005437609539593869,
  "delta_full_ap_mean": -0.3102636014168112,
  "delta_full_ap_std": 0.005634556803821947,
  "delta_full_auroc_mean": -0.00940217575835236,
  "delta_full_auroc_std": 0.0008262020026311443,
  "delta_clean_precision_mean": -0.006229013954965013,
  "delta_clean_precision_std": 0.015467947727254495,
  "delta_clean_recall_mean": 0.06472634083836719,
  "delta_clean_recall_std": 0.021070804073286858,
  "delta_clean_f1_mean": 0.03182181520421281,
  "delta_clean_f1_std": 0.005884419943034396,
  "delta_clean_ap_mean": 0.028709976105435797,
  "delta_clean_ap_std": 0.0022254306309338625,
  "delta_clean_auroc_mean": 0.001538913657826213,
  "delta_clean_auroc_std": 0.0008552877939836617,
  "delta_full_f1_higher_n": 0,
  "delta_clean_f1_higher_n": 10
 }
}

=== Mimicry stress test (18)
{
 "baseline": {
  "recall": 0.7111477210323998,
  "f1": 0.7188454066056065,
  "ap": 0.7695927941671368,
  "mean_sybil_score": 0.7188370280249414
 },
 "k5_k10": [
  {
   "features": "all features",
   "attack": "M1 marginal",
   "k": 5,
   "recall_mean": 0.011934834340106167,
   "recall_std": 0.0012031247830975645
  },
  {
   "features": "all features",
   "attack": "M2 profile copy",
   "k": 5,
   "recall_mean": 0.03613399231191653,
   "recall_std": 0.003276025464129693
  },
  {
   "features": "all features",
   "attack": "M1 marginal",
   "k": 10,
   "recall_mean": 0.0004759289767527,
   "recall_std": 0.00027760847314851
  },
  {
   "features": "all features",
   "attack": "M2 profile copy",
   "k": 10,
   "recall_mean": 0.004795899688815669,
   "recall_std": 0.0012100672803249798
  },
  {
   "features": "cheap only",
   "attack": "M1 marginal",
   "k": 5,
   "recall_mean": 0.024967966318872416,
   "recall_std": 0.001567186878491964
  },
  {
   "features": "cheap only",
   "attack": "M2 profile copy",
   "k": 5,
   "recall_mean": 0.04279699798645433,
   "recall_std": 0.0021046725025524156
  },
  {
   "features": "cheap only",
   "attack": "M1 marginal",
   "k": 10,
   "recall_mean": 0.0031484532308255534,
   "recall_std": 0.00055521694629702
  },
  {
   "features": "cheap only",
   "attack": "M2 profile copy",
   "k": 10,
   "recall_mean": 0.010616877173714076,
   "recall_std": 0.0014060307061813302
  },
  {
   "features": "cheap + structural",
   "attack": "M1 marginal",
   "k": 5,
   "recall_mean": 0.024967966318872416,
   "recall_std": 0.001567186878491964
  },
  {
   "features": "cheap + structural",
   "attack": "M2 profile copy",
   "k": 5,
   "recall_mean": 0.04279699798645433,
   "recall_std": 0.0021046725025524156
  },
  {
   "features": "cheap + structural",
   "attack": "M1 marginal",
   "k": 10,
   "recall_mean": 0.0031484532308255534,
   "recall_std": 0.00055521694629702
  },
  {
   "features": "cheap + structural",
   "attack": "M2 profile copy",
   "k": 10,
   "recall_mean": 0.010616877173714076,
   "recall_std": 0.0014060307061813302
  }
 ]
}

=== Category ablation (19)
[
 {
  "without": "Without all provision-network families",
  "category": "All",
  "metric": "f1",
  "diff_mean": 0.007880197000112587,
  "diff_sd": 0.007566021512448003,
  "all_higher_n": 7,
  "p_corrected": 0.24841298292359018
 },
 {
  "without": "Without all provision-network families",
  "category": "All",
  "metric": "recall",
  "diff_mean": 0.0220025626944902,
  "diff_sd": 0.024312130251700596,
  "all_higher_n": 8,
  "p_corrected": 0.3114735668790117
 },
 {
  "without": "Without all provision-network families",
  "category": "IxL",
  "metric": "f1",
  "diff_mean": 0.0027444518424750153,
  "diff_sd": 0.0047086062792224955,
  "all_higher_n": 8,
  "p_corrected": 0.5072127131052957
 },
 {
  "without": "Without all provision-network families",
  "category": "IxL",
  "metric": "recall",
  "diff_mean": 0.01650323560031557,
  "diff_sd": 0.022981798637543495,
  "all_higher_n": 7,
  "p_corrected": 0.4168955487104809
 },
 {
  "without": "Without all provision-network families",
  "category": "IxI",
  "metric": "f1",
  "diff_mean": 0.11371775516161106,
  "diff_sd": 0.11244885914121557,
  "all_higher_n": 9,
  "p_corrected": 0.26140788317876107
 },
 {
  "without": "Without all provision-network families",
  "category": "IxI",
  "metric": "recall",
  "diff_mean": 0.10493273502323001,
  "diff_sd": 0.0976227880944165,
  "all_higher_n": 9,
  "p_corrected": 0.23469933768117354
 },
 {
  "without": "Without all provision-network families",
  "category": "IxE",
  "metric": "f1",
  "diff_mean": -0.03789899368667502,
  "diff_sd": 0.044398874719446514,
  "all_higher_n": 3,
  "p_corrected": 0.33822160858804584
 },
 {
  "without": "Without all provision-network families",
  "category": "IxE",
  "metric": "recall",
  "diff_mean": -0.029749321038078536,
  "diff_sd": 0.03137042870326615,
  "all_higher_n": 1,
  "p_corrected": 0.29022601245346646
 },
 {
  "without": "Without Gas provider",
  "category": "All",
  "metric": "f1",
  "diff_mean": 0.00498599938544717,
  "diff_sd": 0.005876714209348992,
  "all_higher_n": 9,
  "p_corrected": 0.341005075762107
 },
 {
  "without": "Without Gas provider",
  "category": "All",
  "metric": "recall",
  "diff_mean": 0.010433827567270727,
  "diff_sd": 0.021692729953542843,
  "all_higher_n": 6,
  "p_corrected": 0.5826747878349917
 },
 {
  "without": "Without Gas provider",
  "category": "IxL",
  "metric": "f1",
  "diff_mean": 0.0026925358632392538,
  "diff_sd": 0.004004435178457774,
  "all_higher_n": 8,
  "p_corrected": 0.4461199187636425
 },
 {
  "without": "Without Gas provider",
  "category": "IxL",
  "metric": "recall",
  "diff_mean": 0.007663272878234717,
  "diff_sd": 0.01870268536475861,
  "all_higher_n": 6,
  "p_corrected": 0.6389160320520039
 },
 {
  "without": "Without Gas provider",
  "category": "IxI",
  "metric": "f1",
  "diff_mean": 0.05197589037311247,
  "diff_sd": 0.09110155532355141,
  "all_higher_n": 7,
  "p_corrected": 0.5160186015877402
 },
 {
  "without": "Without Gas provider",
  "category": "IxI",
  "metric": "recall",
  "diff_mean": 0.044797997979793815,
  "diff_sd": 0.07759315990637594,
  "all_higher_n": 7,
  "p_corrected": 0.5111386665378239
 },
 {
  "without": "Without Gas provider",
  "category": "IxE",
  "metric": "f1",
  "diff_mean": 0.004734984554654489,
  "diff_sd": 0.01869395313880812,
  "all_higher_n": 6,
  "p_corrected": 0.7708974986161198
 },
 {
  "without": "Without Gas provider",
  "category": "IxE",
  "metric": "recall",
  "diff_mean": 0.0026626594056942733,
  "diff_sd": 0.011510862715303242,
  "all_higher_n": 4,
  "p_corrected": 0.7902019449576918
 },
 {
  "without": "Without Gas provision tree",
  "category": "All",
  "metric": "f1",
  "diff_mean": 0.0010798081368147082,
  "diff_sd": 0.005063406759886835,
  "all_higher_n": 7,
  "p_corrected": 0.8061835103592907
 },
 {
  "without": "Without Gas provision tree",
  "category": "All",
  "metric": "recall",
  "diff_mean": 0.00885960095185796,
  "diff_sd": 0.009519048881447865,
  "all_higher_n": 8,
  "p_corrected": 0.29871716032472184

=== Mimicry controls (24)
{
 "shap_shares": {
  "top5_all_features": 0.37665861946355167,
  "top5_cheap_only": 0.3116269081449674,
  "top5_strict_cheap": 0.19392750611613874,
  "all7_strict_cheap": 0.21476678550700753,
  "all30_structural": 0.13237895968879934
 },
 "single_feature_top5": [
  {
   "component": "A single feature",
   "feature": "l0_tx_time_span",
   "cost_class": "time-bound",
   "shap_rank": 1,
   "recall_mean": 0.4097748489840747,
   "recall_std": 0.005864162061666215,
   "f1_mean": 0.4886238688103831,
   "f1_std": 0.005265180001000448,
   "ap_mean": 0.5162500265289903,
   "ap_std": 0.0027634915052462575,
   "mean_sybil_score_mean": 0.46036495013775963,
   "mean_sybil_score_std": 0.003032865114707443
  },
  {
   "component": "A single feature",
   "feature": "n_l0_source_contracts",
   "cost_class": "cheap",
   "shap_rank": 2,
   "recall_mean": 0.41252059308072486,
   "recall_std": 0.0030591746184950833,
   "f1_mean": 0.4911047805045999,
   "f1_std": 0.002749960821575092,
   "ap_mean": 0.5140580185392267,
   "ap_std": 0.0014080590197524188,
   "mean_sybil_score_mean": 0.45503091250100747,
   "mean_sybil_score_std": 0.0013087353482407803
  },
  {
   "component": "A single feature",
   "feature": "earliest_l0_tx_time",
   "cost_class": "time-bound",
   "shap_rank": 4,
   "recall_mean": 0.4219293428519128,
   "recall_std": 0.0032203207186086765,
   "f1_mean": 0.499508048213669,
   "f1_std": 0.0028579498448466495,
   "ap_mean": 0.5193366514680577,
   "ap_std": 0.0022314999598554578,
   "mean_sybil_score_mean": 0.4706245220525678,
   "mean_sybil_score_std": 0.0033278014623661966
  },
  {
   "component": "A single feature",
   "feature": "l0_avg_stargate_swap",
   "cost_class": "cheap",
   "shap_rank": 3,
   "recall_mean": 0.4743913600585759,
   "recall_std": 0.0023922839835554873,
   "f1_mean": 0.544703336612209,
   "f1_std": 0.002001880571424133,
   "ap_mean": 0.5687404704663115,
   "ap_std": 0.002322635274181178,
   "mean_sybil_score_mean": 0.5135550995282194,
   "mean_sybil_score_std": 0.0019012775764057116
  },
  {
   "component": "A single feature",
   "feature": "earliest_tx_block_in",
   "cost_class": "time-bound",
   "shap_rank": 10,
   "recall_mean": 0.5173714076514735,
   "recall_std": 0.0021487871998285657,
   "f1_mean": 0.5797489268208487,
   "f1_std": 0.0017105563468862673,
   "ap_mean": 0.5983235049742982,
   "ap_std": 0.0009080575202686613,
   "mean_sybil_score_mean": 0.5523029719255251,
   "mean_sybil_score_std": 0.001059718997080242
  }
 ],
 "tie_check": {
  "recall_l0_tx_time_span": 0.4097748489840747,
  "recall_n_l0_source_contracts": 0.41252059308072486,
  "equal_6dp": false,
  "columns_differ": true,
  "donor_values_differ": true,
  "same_donor_rows": true,
  "sybil_scores_differ_rep0": true,
  "flagged_rep0": [
   2218,
   2267
  ],
  "flagged_both_rep0": 1727
 }
}

=== Temporal holdout (20)
[
 {
  "late_share_target": 0.3,
  "cutoff_utc": "2023-08-20 11:32:02.500000+00:00",
  "train_unique": 213045,
  "val": 91305,
  "train_sybil_rate": 0.055481236358515804,
  "val_sybil_rate": 0.0554734132851432,
  "rounds": [
   1388,
   1385,
   1331
  ],
  "temporal_n": 130436,
  "temporal_sybils": 1326,
  "temporal_threshold": 0.6528376868999307,
  "temporal_precision": 0.8012820512820513,
  "temporal_recall": 0.0942684766214178,
  "temporal_f1": 0.16869095816464239,
  "temporal_auroc": 0.8865161192304714,
  "temporal_ap": 0.2761158361849945,
  "reference_n": 39217,
  "reference_sybils": 383,
  "reference_threshold": 0.6000858349504762,
  "reference_precision": 0.7869822485207101,
  "reference_recall": 0.6945169712793734,
  "reference_f1": 0.7378640776699029,
  "reference_auroc": 0.9782047130781336,
  "reference_ap": 0.7741022020089198
 },
 {
  "late_share_target": 0.2,
  "cutoff_utc": "2023-12-17 17:14:40+00:00",
  "train_unique": 243480,
  "val": 104348,
  "train_sybil_rate": 0.05163463118120585,
  "val_sybil_rate": 0.0516349139418101,
  "rounds": [
   1536,
   1619,
   1443
  ],
  "temporal_n": 86958,
  "temporal_sybils": 251,
  "temporal_threshold": 0.6376267240383521,
  "temporal_precision": 1.0,
  "temporal_recall": 0.00398406374501992,
  "temporal_f1": 0.007936507936507936,
  "temporal_auroc": 0.7290385897791881,
  "temporal_ap": 0.05956916516952296,
  "reference_n": 26093,
  "reference_sybils": 64,
  "reference_threshold": 0.6000858349504762,
  "reference_precision": 0.9130434782608695,
  "reference_recall": 0.328125,
  "reference_f1": 0.4827586206896552,
  "reference_auroc": 0.9349475584924507,
  "reference_ap": 0.4459564896932377
 },
 {
  "late_share_target": 0.4,
  "cutoff_utc": "2023-06-27 12:20:13+00:00",
  "train_unique": 182610,
  "val": 78261,
  "train_sybil_rate": 0.051125349104649255,
  "val_sybil_rate": 0.051123803682549415,
  "rounds": [
   1090,
   1187,
   1157
  ],
  "temporal_n": 173915,
  "temporal_sybils": 4874,
  "temporal_threshold": 0.5581141445221138,
  "temporal_precision": 0.43206011271133377,
  "temporal_recall": 0.14156750102585144,
  "temporal_f1": 0.21325915623551228,
  "temporal_auroc": 0.8936585609855021,
  "temporal_ap": 0.230881939586922,
  "reference_n": 52259,
  "reference_sybils": 1458,
  "reference_threshold": 0.6000858349504762,
  "reference_precision": 0.6927374301675978,
  "reference_recall": 0.7654320987654321,
  "reference_f1": 0.7272727272727273,
  "reference_auroc": 0.9833084412944681,
  "reference_ap": 0.8072833842169548
 }
]

=== Report dependence: seen minus held out (22)
{
 "tests": [
  {
   "model": "LightGBM",
   "metric": "f1",
   "held_out_mean": 0.3692069296865616,
   "seen_mean": 0.5980316273418571,
   "diff_mean": 0.22882469765529556,
   "diff_sd": 0.07629428550214266,
   "seen_higher_n": 15,
   "t_corrected": 6.331493568777684,
   "p_corrected": 1.8548392687032806e-05,
   "p_wilcoxon_uncorrected": 6.103515625e-05
  },
  {
   "model": "LightGBM",
   "metric": "ap",
   "held_out_mean": 0.30504722712965443,
   "seen_mean": 0.5989643680283823,
   "diff_mean": 0.2939171408987279,
   "diff_sd": 0.07748053660236716,
   "seen_higher_n": 15,
   "t_corrected": 8.00806477909541,
   "p_corrected": 1.3534852529446437e-06,
   "p_wilcoxon_uncorrected": 6.103515625e-05
  },
  {
   "model": "LightGBM",
   "metric": "auroc",
   "held_out_mean": 0.8906474593083279,
   "seen_mean": 0.9699375071013872,
   "diff_mean": 0.07929004779305918,
   "diff_sd": 0.04240726935624671,
   "seen_higher_n": 15,
   "t_corrected": 3.947059324982552,
   "p_corrected": 0.0014601720962593198,
   "p_wilcoxon_uncorrected": 6.103515625e-05
  },
  {
   "model": "LightGBM",
   "metric": "recall",
   "held_out_mean": 0.4211230643037373,
   "seen_mean": 0.7122946930021358,
   "diff_mean": 0.2911716286983985,
   "diff_sd": 0.09591311658341596,
   "seen_higher_n": 15,
   "t_corrected": 6.408646781481898,
   "p_corrected": 1.630848388399729e-05,
   "p_wilcoxon_uncorrected": 6.103515625e-05
  },
  {
   "model": "LightGBM",
   "metric": "precision",
   "held_out_mean": 0.34040641355880535,
   "seen_mean": 0.5192927413681535,
   "diff_mean": 0.17888632780934818,
   "diff_sd": 0.05930541347345977,
   "seen_higher_n": 15,
   "t_corrected": 6.367634012946564,
   "p_corrected": 1.7461454101310863e-05,
   "p_wilcoxon_uncorrected": 6.103515625e-05
  },
  {
   "model": "XGBoost",
   "metric": "f1",
   "held_out_mean": 0.3629829120175741,
   "seen_mean": 0.5812168603209934,
   "diff_mean": 0.21823394830341936,
   "diff_sd": 0.08085869466792871,
   "seen_higher_n": 15,
   "t_corrected": 5.697585709037575,
   "p_corrected": 5.5091187478339587e-05,
   "p_wilcoxon_uncorrected": 6.103515625e-05
  },
  {
   "model": "XGBoost",
   "metric": "ap",
   "held_out_mean": 0.30501026582542423,
   "seen_mean": 0.595040016054201,
   "diff_mean": 0.29002975022877675,
   "diff_sd": 0.07516082799891323,
   "seen_higher_n": 15,
   "t_corrected": 8.146035077266767,
   "p_corrected": 1.1087182109813585e-06,
   "p_wilcoxon_uncorrected": 6.103515625e-05
  },
  {
   "model": "XGBoost",
   "metric": "auroc",
   "held_out_mean": 0.8877562661784744,
   "seen_mean": 0.9673075048249866,
   "diff_mean": 0.07955123864651205,
   "diff_sd": 0.04330308041507737,
   "seen_higher_n": 15,
   "t_corrected": 3.8781395963492282,
   "p_corrected": 0.0016722019833952247,
   "p_wilcoxon_uncorrected": 6.103515625e-05
  },
  {
   "model": "XGBoost",
   "metric": "recall",
   "held_out_mean": 0.4131977909620648,
   "seen_mean": 0.723278745885969,
   "diff_mean": 0.31008095492390403,
   "diff_sd": 0.08261208185713785,
   "seen_higher_n": 15,
   "t_corrected": 7.923677830354235,
   "p_corrected": 1.5308527760502403e-06,
   "p_wilcoxon_uncorrected": 6.103515625e-05
  },
  {
   "model": "XGBoost",
   "metric": "precision",
   "held_out_mean": 0.3369605674321232,
   "seen_mean": 0.49250401570327135,
   "diff_mean": 0.15554344827114816,
   "diff_sd": 0.06930703659839205,
   "seen_higher_n": 15,
   "t_corrected": 4.737723115790656,
   "p_corrected": 0.00031772287788644685,
   "p_wilcoxon_uncorrected": 6.103515625e-05
  }
 ],
 "dose_response": [
  {
   "model": "LightGBM",
   "bin": "0",
   "sybils": 181,
   "recall_held": 0.11049723756906077,
   "recall_seen": 0.13259668508287292,
   "score_held": 0.12029954850219875,
   "score_seen": 0.13645509937469646,
   "score_gain": 0.016155550872497707,
   "score_gain_sd": 0.12583181837525867,
   "recall_gain": 0.022099447513812154
  },
  {
   "model": "LightGBM",
   "bin": "1\u20139",
   "sybils": 1275,
   "recall_held": 0.1976470588235294,
   "recall_seen":

CELL 11 completed in 0.0s
CELL 13 started
Saved results/99_tie_out_revision.json
85 of 85 checks passed
All checks passed
CELL 13 completed in 0.0s
CELL 14 started
CELL 14 completed in 0.0s
PASS 99_tie_out_revision.ipynb: 4.2s
